******************************************************************************
             TMS320C2000 Linker Unix v22.6.1                   
******************************************************************************
>> Linked Mon Jul 15 09:00:51 2024

OUTPUT FILE NAME:   <Electronic_load.out>
ENTRY POINT SYMBOL: "_c_int00"  address: 00009139


MEMORY CONFIGURATION

         name            origin    length      used     unused   attr    fill
----------------------  --------  ---------  --------  --------  ----  --------
PAGE 0:
  BEGIN                 00000000   00000002  00000002  00000000  RWIX
  RAMM0                 00000050   000003b0  00000086  0000032a  RWIX
  RAML0_L3              00008000   00002000  00001333  00000ccd  RWIX
  FPUTABLES             003fd590   000006a0  00000000  000006a0  RWIX
  IQTABLES              003fdf00   00000b50  00000000  00000b50  RWIX
  IQTABLES2             003fea50   0000008c  00000000  0000008c  RWIX
  IQTABLES3             003feadc   000000aa  00000000  000000aa  RWIX
  BOOTROM               003ff3b0   00000c10  00000000  00000c10  RWIX
  RESET                 003fffc0   00000002  00000000  00000002  RWIX

PAGE 1:
  BOOT_RSVD             00000002   0000004e  00000000  0000004e  RWIX
  RAMM1                 00000400   00000400  00000300  00000100  RWIX
  DEV_EMU               00000880   00000105  00000004  00000101  RWIX
  SYS_PWR_CTL           00000985   00000003  00000003  00000000  RWIX
  FLASH_REGS            00000a80   00000060  00000008  00000058  RWIX
  CSM                   00000ae0   00000020  00000010  00000010  RWIX
  ADC_RESULT            00000b00   00000020  00000010  00000010  RWIX
  CPU_TIMER0            00000c00   00000008  00000008  00000000  RWIX
  CPU_TIMER1            00000c08   00000008  00000008  00000000  RWIX
  CPU_TIMER2            00000c10   00000008  00000008  00000000  RWIX
  PIE_CTRL              00000ce0   00000020  0000001a  00000006  RWIX
  PIE_VECT              00000d00   00000100  00000100  00000000  RWIX
  DMA                   00001000   00000200  000000e0  00000120  RWIX
  CLA1                  00001400   00000080  00000040  00000040  RWIX
  USB0                  00004000   00001000  00000454  00000bac  RWIX
  McBSPA                00005000   00000040  00000024  0000001c  RWIX
  ECANA                 00006000   00000040  00000034  0000000c  RWIX
  ECANA_LAM             00006040   00000040  00000040  00000000  RWIX
  ECANA_MOTS            00006080   00000040  00000040  00000000  RWIX
  ECANA_MOTO            000060c0   00000040  00000040  00000000  RWIX
  ECANA_MBOX            00006100   00000100  00000100  00000000  RWIX
  COMP1                 00006400   00000020  00000014  0000000c  RWIX
  COMP2                 00006420   00000020  00000014  0000000c  RWIX
  COMP3                 00006440   00000020  00000014  0000000c  RWIX
  EPWM1                 00006800   00000040  00000040  00000000  RWIX
  EPWM2                 00006840   00000040  00000040  00000000  RWIX
  EPWM3                 00006880   00000040  00000040  00000000  RWIX
  EPWM4                 000068c0   00000040  00000040  00000000  RWIX
  EPWM5                 00006900   00000040  00000040  00000000  RWIX
  EPWM6                 00006940   00000040  00000040  00000000  RWIX
  EPWM7                 00006980   00000040  00000040  00000000  RWIX
  EPWM8                 000069c0   00000040  00000040  00000000  RWIX
  ECAP1                 00006a00   00000020  00000020  00000000  RWIX
  ECAP2                 00006a20   00000020  00000020  00000000  RWIX
  ECAP3                 00006a40   00000020  00000020  00000000  RWIX
  HRCAP1                00006ac0   00000020  00000020  00000000  RWIX
  HRCAP2                00006ae0   00000020  00000020  00000000  RWIX
  EQEP1                 00006b00   00000040  00000022  0000001e  RWIX
  EQEP2                 00006b40   00000040  00000022  0000001e  RWIX
  HRCAP3                00006c80   00000020  00000020  00000000  RWIX
  HRCAP4                00006ca0   00000020  00000020  00000000  RWIX
  GPIOCTRL              00006f80   00000040  00000040  00000000  RWIX
  GPIODAT               00006fc0   00000020  00000020  00000000  RWIX
  GPIOINT               00006fe0   00000020  00000020  00000000  RWIX
  SYSTEM                00007010   00000030  00000030  00000000  RWIX
  SPIA                  00007040   00000010  00000010  00000000  RWIX
  SCIA                  00007050   00000010  00000010  00000000  RWIX
  NMIINTRUPT            00007060   00000010  00000010  00000000  RWIX
  XINTRUPT              00007070   00000010  00000010  00000000  RWIX
  ADC                   00007100   00000080  00000050  00000030  RWIX
  SPIB                  00007740   00000010  00000010  00000000  RWIX
  SCIB                  00007750   00000010  00000010  00000000  RWIX
  I2CA                  00007900   00000040  00000022  0000001e  RWIX
  RAML4                 0000a000   00002000  00000646  000019ba  RWIX
  RAML5                 0000c000   00002000  00000000  00002000  RWIX
  RAML6                 0000e000   00002000  00000000  00002000  RWIX
  RAML7                 00010000   00002000  00000000  00002000  RWIX
  RAML8                 00012000   00002000  00000000  00002000  RWIX
  USB_RAM               00040000   00000800  00000000  00000800  RWIX
  PARTID                003d7e80   00000001  00000001  00000000  RWIX
  CSM_PWL               003f7ff8   00000008  00000008  00000000  RWIX


SECTION ALLOCATION MAP

 output                                  attributes/
section   page    origin      length       input sections
--------  ----  ----------  ----------   ----------------
codestart 
*          0    00000000    00000002     
                  00000000    00000002     F2806x_CodeStartBranch.obj (codestart)

.cinit     0    00000050    00000082     
                  00000050    00000044     main.obj (.cinit)
                  00000094    00000013     adc.obj (.cinit)
                  000000a7    0000000e     rts2800_fpu32.lib : exit.c.obj (.cinit)
                  000000b5    0000000d     epwm.obj (.cinit)
                  000000c2    00000005     rts2800_fpu32.lib : _lock.c.obj (.cinit:__lock)
                  000000c7    00000005                       : _lock.c.obj (.cinit:__unlock)
                  000000cc    00000004                       : errno.c.obj (.cinit)
                  000000d0    00000002     --HOLE-- [fill = 0]

ramfuncs   0    000000d2    00000004     
                  000000d2    00000004     F2806x_usDelay.obj (ramfuncs)

.text      0    00008000    00001333     
                  00008000    0000039b     F2806x_DefaultIsr.obj (.text:retain)
                  0000839b    00000237     F2806x_Adc.obj (.text)
                  000085d2    000001c9     main.obj (.text:retain)
                  0000879b    00000190     F2806x_SysCtrl.obj (.text)
                  0000892b    00000171     Solar_Lib_Float.lib : SPLL_1ph_SOGI_F.obj (.text)
                  00008a9c    0000014e     epwm.obj (.text)
                  00008bea    00000110     adc.obj (.text:retain)
                  00008cfa    00000102     main.obj (.text)
                  00008dfc    000000d4     F2806x_EPwm.obj (.text)
                  00008ed0    000000a2     adc.obj (.text)
                  00008f72    00000088     rts2800_fpu32.lib : fs_div28.asm.obj (.text)
                  00008ffa    00000076     F2806x_CpuTimers.obj (.text)
                  00009070    00000066     rts2800_fpu32.lib : s_sinf.c.obj (.text)
                  000090d6    00000063                       : s_cosf.c.obj (.text)
                  00009139    00000056                       : boot28.asm.obj (.text)
                  0000918f    00000050     key.obj (.text)
                  000091df    0000003a     timer.obj (.text)
                  00009219    00000029     rts2800_fpu32.lib : exit.c.obj (.text)
                  00009242    00000028     F2806x_PieCtrl.obj (.text)
                  0000926a    00000027     rts2800_fpu32.lib : e_sqrtf.c.obj (.text)
                  00009291    00000026     F2806x_PieVect.obj (.text)
                  000092b7    00000024     rts2800_fpu32.lib : cpy_tbl.c.obj (.text)
                  000092db    0000001d                       : memcpy.c.obj (.text)
                  000092f8    00000015     epwm.obj (.text:retain)
                  0000930d    00000012     rts2800_fpu32.lib : args_main.c.obj (.text)
                  0000931f    00000009                       : _lock.c.obj (.text)
                  00009328    00000008     F2806x_CodeStartBranch.obj (.text)
                  00009330    00000002     rts2800_fpu32.lib : pre_init.c.obj (.text)
                  00009332    00000001                       : startup.c.obj (.text)

.pinit     0    00000050    00000000     UNINITIALIZED

.reset     0    003fffc0    00000002     DSECT
                  003fffc0    00000002     rts2800_fpu32.lib : boot28.asm.obj (.reset)

.stack     1    00000400    00000300     UNINITIALIZED
                  00000400    00000300     --HOLE--

DevEmuRegsFile 
*          1    00000880    00000004     UNINITIALIZED
                  00000880    00000004     F2806x_GlobalVariableDefs.obj (DevEmuRegsFile)

SysPwrCtrlRegsFile 
*          1    00000985    00000003     UNINITIALIZED
                  00000985    00000003     F2806x_GlobalVariableDefs.obj (SysPwrCtrlRegsFile)

FlashRegsFile 
*          1    00000a80    00000008     UNINITIALIZED
                  00000a80    00000008     F2806x_GlobalVariableDefs.obj (FlashRegsFile)

CsmRegsFile 
*          1    00000ae0    00000010     UNINITIALIZED
                  00000ae0    00000010     F2806x_GlobalVariableDefs.obj (CsmRegsFile)

AdcResultFile 
*          1    00000b00    00000010     UNINITIALIZED
                  00000b00    00000010     F2806x_GlobalVariableDefs.obj (AdcResultFile)

CpuTimer0RegsFile 
*          1    00000c00    00000008     UNINITIALIZED
                  00000c00    00000008     F2806x_GlobalVariableDefs.obj (CpuTimer0RegsFile)

CpuTimer1RegsFile 
*          1    00000c08    00000008     UNINITIALIZED
                  00000c08    00000008     F2806x_GlobalVariableDefs.obj (CpuTimer1RegsFile)

CpuTimer2RegsFile 
*          1    00000c10    00000008     UNINITIALIZED
                  00000c10    00000008     F2806x_GlobalVariableDefs.obj (CpuTimer2RegsFile)

PieCtrlRegsFile 
*          1    00000ce0    0000001a     UNINITIALIZED
                  00000ce0    0000001a     F2806x_GlobalVariableDefs.obj (PieCtrlRegsFile)

DmaRegsFile 
*          1    00001000    000000e0     UNINITIALIZED
                  00001000    000000e0     F2806x_GlobalVariableDefs.obj (DmaRegsFile)

Usb0RegsFile 
*          1    00004000    00000454     UNINITIALIZED
                  00004000    00000454     F2806x_GlobalVariableDefs.obj (Usb0RegsFile)

McbspaRegsFile 
*          1    00005000    00000024     UNINITIALIZED
                  00005000    00000024     F2806x_GlobalVariableDefs.obj (McbspaRegsFile)

ECanaMOTSRegsFile 
*          1    00006080    00000040     UNINITIALIZED
                  00006080    00000040     F2806x_GlobalVariableDefs.obj (ECanaMOTSRegsFile)

ECanaMOTORegsFile 
*          1    000060c0    00000040     UNINITIALIZED
                  000060c0    00000040     F2806x_GlobalVariableDefs.obj (ECanaMOTORegsFile)

Comp1RegsFile 
*          1    00006400    00000014     UNINITIALIZED
                  00006400    00000014     F2806x_GlobalVariableDefs.obj (Comp1RegsFile)

Comp2RegsFile 
*          1    00006420    00000014     UNINITIALIZED
                  00006420    00000014     F2806x_GlobalVariableDefs.obj (Comp2RegsFile)

Comp3RegsFile 
*          1    00006440    00000014     UNINITIALIZED
                  00006440    00000014     F2806x_GlobalVariableDefs.obj (Comp3RegsFile)

EPwm1RegsFile 
*          1    00006800    00000040     UNINITIALIZED
                  00006800    00000040     F2806x_GlobalVariableDefs.obj (EPwm1RegsFile)

EPwm2RegsFile 
*          1    00006840    00000040     UNINITIALIZED
                  00006840    00000040     F2806x_GlobalVariableDefs.obj (EPwm2RegsFile)

EPwm3RegsFile 
*          1    00006880    00000040     UNINITIALIZED
                  00006880    00000040     F2806x_GlobalVariableDefs.obj (EPwm3RegsFile)

EPwm4RegsFile 
*          1    000068c0    00000040     UNINITIALIZED
                  000068c0    00000040     F2806x_GlobalVariableDefs.obj (EPwm4RegsFile)

EPwm5RegsFile 
*          1    00006900    00000040     UNINITIALIZED
                  00006900    00000040     F2806x_GlobalVariableDefs.obj (EPwm5RegsFile)

EPwm6RegsFile 
*          1    00006940    00000040     UNINITIALIZED
                  00006940    00000040     F2806x_GlobalVariableDefs.obj (EPwm6RegsFile)

EPwm7RegsFile 
*          1    00006980    00000040     UNINITIALIZED
                  00006980    00000040     F2806x_GlobalVariableDefs.obj (EPwm7RegsFile)

EPwm8RegsFile 
*          1    000069c0    00000040     UNINITIALIZED
                  000069c0    00000040     F2806x_GlobalVariableDefs.obj (EPwm8RegsFile)

HRCap1RegsFile 
*          1    00006ac0    00000020     UNINITIALIZED
                  00006ac0    00000020     F2806x_GlobalVariableDefs.obj (HRCap1RegsFile)

HRCap2RegsFile 
*          1    00006ae0    00000020     UNINITIALIZED
                  00006ae0    00000020     F2806x_GlobalVariableDefs.obj (HRCap2RegsFile)

HRCap3RegsFile 
*          1    00006c80    00000020     UNINITIALIZED
                  00006c80    00000020     F2806x_GlobalVariableDefs.obj (HRCap3RegsFile)

HRCap4RegsFile 
*          1    00006ca0    00000020     UNINITIALIZED
                  00006ca0    00000020     F2806x_GlobalVariableDefs.obj (HRCap4RegsFile)

SciaRegsFile 
*          1    00007050    00000010     UNINITIALIZED
                  00007050    00000010     F2806x_GlobalVariableDefs.obj (SciaRegsFile)

NmiIntruptRegsFile 
*          1    00007060    00000010     UNINITIALIZED
                  00007060    00000010     F2806x_GlobalVariableDefs.obj (NmiIntruptRegsFile)

XIntruptRegsFile 
*          1    00007070    00000010     UNINITIALIZED
                  00007070    00000010     F2806x_GlobalVariableDefs.obj (XIntruptRegsFile)

AdcRegsFile 
*          1    00007100    00000050     UNINITIALIZED
                  00007100    00000050     F2806x_GlobalVariableDefs.obj (AdcRegsFile)

.ebss      1    0000a000    00000546     UNINITIALIZED
                  0000a000    0000012c     adc.obj (.ebss:_grid_current_graph)
                  0000a12c    0000000a     adc.obj (.ebss:_Voltage1)
                  0000a136    0000000a     adc.obj (.ebss:_Voltage2)
                  0000a140    0000012c     main.obj (.ebss:_output_graph)
                  0000a26c    0000000a     adc.obj (.ebss:_Voltage3)
                  0000a276    00000006     epwm.obj (.ebss)
                  0000a27c    00000002     rts2800_fpu32.lib : _lock.c.obj (.ebss:__lock)
                  0000a27e    00000002                       : _lock.c.obj (.ebss:__unlock)
                  0000a280    0000012c     adc.obj (.ebss:_rectifier_volt_graph)
                  0000a3ac    00000006     rts2800_fpu32.lib : exit.c.obj (.ebss)
                  0000a3b2    00000001                       : errno.c.obj (.ebss)
                  0000a3b3    0000000d     --HOLE--
                  0000a3c0    000000c8     adc.obj (.ebss:_grid_vol_graph)
                  0000a488    00000018     F2806x_CpuTimers.obj (.ebss)
                  0000a4a0    00000018     adc.obj (.ebss)
                  0000a4b8    00000008     --HOLE--
                  0000a4c0    00000086     main.obj (.ebss)

.econst    1    0000a546    00000100     
                  0000a546    00000100     F2806x_PieVect.obj (.econst:_PieVectTableInit)

PieVectTableFile 
*          1    00000d00    00000100     UNINITIALIZED
                  00000d00    00000100     F2806x_GlobalVariableDefs.obj (PieVectTableFile)

EmuKeyVar 
*          1    00000d00    00000001     UNINITIALIZED
                  00000d00    00000001     F2806x_GlobalVariableDefs.obj (EmuKeyVar)

EmuBModeVar 
*          1    00000d01    00000001     UNINITIALIZED
                  00000d01    00000001     F2806x_GlobalVariableDefs.obj (EmuBModeVar)

FlashCallbackVar 
*          1    00000d02    00000002     UNINITIALIZED
                  00000d02    00000002     F2806x_GlobalVariableDefs.obj (FlashCallbackVar)

FlashScalingVar 
*          1    00000d04    00000002     UNINITIALIZED
                  00000d04    00000002     F2806x_GlobalVariableDefs.obj (FlashScalingVar)

Cla1RegsFile 
*          1    00001400    00000040     UNINITIALIZED
                  00001400    00000040     F2806x_GlobalVariableDefs.obj (Cla1RegsFile)

ECanaRegsFile 
*          1    00006000    00000034     UNINITIALIZED
                  00006000    00000034     F2806x_GlobalVariableDefs.obj (ECanaRegsFile)

ECanaLAMRegsFile 
*          1    00006040    00000040     UNINITIALIZED
                  00006040    00000040     F2806x_GlobalVariableDefs.obj (ECanaLAMRegsFile)

ECanaMboxesFile 
*          1    00006100    00000100     UNINITIALIZED
                  00006100    00000100     F2806x_GlobalVariableDefs.obj (ECanaMboxesFile)

ECap1RegsFile 
*          1    00006a00    00000020     UNINITIALIZED
                  00006a00    00000020     F2806x_GlobalVariableDefs.obj (ECap1RegsFile)

ECap2RegsFile 
*          1    00006a20    00000020     UNINITIALIZED
                  00006a20    00000020     F2806x_GlobalVariableDefs.obj (ECap2RegsFile)

ECap3RegsFile 
*          1    00006a40    00000020     UNINITIALIZED
                  00006a40    00000020     F2806x_GlobalVariableDefs.obj (ECap3RegsFile)

EQep1RegsFile 
*          1    00006b00    00000022     UNINITIALIZED
                  00006b00    00000022     F2806x_GlobalVariableDefs.obj (EQep1RegsFile)

EQep2RegsFile 
*          1    00006b40    00000022     UNINITIALIZED
                  00006b40    00000022     F2806x_GlobalVariableDefs.obj (EQep2RegsFile)

GpioCtrlRegsFile 
*          1    00006f80    00000040     UNINITIALIZED
                  00006f80    00000040     F2806x_GlobalVariableDefs.obj (GpioCtrlRegsFile)

GpioDataRegsFile 
*          1    00006fc0    00000020     UNINITIALIZED
                  00006fc0    00000020     F2806x_GlobalVariableDefs.obj (GpioDataRegsFile)

GpioIntRegsFile 
*          1    00006fe0    00000020     UNINITIALIZED
                  00006fe0    00000020     F2806x_GlobalVariableDefs.obj (GpioIntRegsFile)

SysCtrlRegsFile 
*          1    00007010    00000030     UNINITIALIZED
                  00007010    00000030     F2806x_GlobalVariableDefs.obj (SysCtrlRegsFile)

SpiaRegsFile 
*          1    00007040    00000010     UNINITIALIZED
                  00007040    00000010     F2806x_GlobalVariableDefs.obj (SpiaRegsFile)

SpibRegsFile 
*          1    00007740    00000010     UNINITIALIZED
                  00007740    00000010     F2806x_GlobalVariableDefs.obj (SpibRegsFile)

ScibRegsFile 
*          1    00007750    00000010     UNINITIALIZED
                  00007750    00000010     F2806x_GlobalVariableDefs.obj (ScibRegsFile)

I2caRegsFile 
*          1    00007900    00000022     UNINITIALIZED
                  00007900    00000022     F2806x_GlobalVariableDefs.obj (I2caRegsFile)

PartIdRegsFile 
*          1    003d7e80    00000001     UNINITIALIZED
                  003d7e80    00000001     F2806x_GlobalVariableDefs.obj (PartIdRegsFile)

CsmPwlFile 
*          1    003f7ff8    00000008     UNINITIALIZED
                  003f7ff8    00000008     F2806x_GlobalVariableDefs.obj (CsmPwlFile)

MODULE SUMMARY

       Module                          code   initialized data   uninitialized data
       ------                          ----   ----------------   ------------------
    ./app/adc/
       adc.obj                         434    19                 854               
    +--+-------------------------------+------+------------------+--------------------+
       Total:                          434    19                 854               
                                                                                   
    ./app/epwm/
       epwm.obj                        355    13                 6                 
    +--+-------------------------------+------+------------------+--------------------+
       Total:                          355    13                 6                 
                                                                                   
    ./app/key/
       key.obj                         80     0                  0                 
    +--+-------------------------------+------+------------------+--------------------+
       Total:                          80     0                  0                 
                                                                                   
    ./app/timer/
       timer.obj                       58     0                  0                 
    +--+-------------------------------+------+------------------+--------------------+
       Total:                          58     0                  0                 
                                                                                   
    ./f2806x_libraries/
       F2806x_GlobalVariableDefs.obj   0      0                  3550              
       F2806x_DefaultIsr.obj           923    0                  0                 
       F2806x_Adc.obj                  567    0                  0                 
       F2806x_SysCtrl.obj              400    0                  0                 
       F2806x_PieVect.obj              38     256                0                 
       F2806x_EPwm.obj                 212    0                  0                 
       F2806x_CpuTimers.obj            118    0                  24                
       F2806x_PieCtrl.obj              40     0                  0                 
       F2806x_CodeStartBranch.obj      10     0                  0                 
       F2806x_usDelay.obj              4      0                  0                 
    +--+-------------------------------+------+------------------+--------------------+
       Total:                          2312   256                3574              
                                                                                   
    ./user/
       main.obj                        715    68                 434               
    +--+-------------------------------+------+------------------+--------------------+
       Total:                          715    68                 434               
                                                                                   
    /Applications/ti/ccstheia140/ccs/tools/compiler/ti-cgt-c2000_22.6.1A23259/lib/rts2800_fpu32.lib
       fs_div28.asm.obj                136    0                  0                 
       s_sinf.c.obj                    102    0                  0                 
       s_cosf.c.obj                    99     0                  0                 
       boot28.asm.obj                  86     0                  0                 
       exit.c.obj                      41     14                 6                 
       e_sqrtf.c.obj                   39     0                  0                 
       cpy_tbl.c.obj                   36     0                  0                 
       memcpy.c.obj                    29     0                  0                 
       _lock.c.obj                     9      10                 4                 
       args_main.c.obj                 18     0                  0                 
       errno.c.obj                     0      4                  1                 
       pre_init.c.obj                  2      0                  0                 
       startup.c.obj                   1      0                  0                 
    +--+-------------------------------+------+------------------+--------------------+
       Total:                          598    28                 11                
                                                                                   
    /Applications/ti/solar/v1.2/float/lib/Solar_Lib_Float.lib
       SPLL_1ph_SOGI_F.obj             369    0                  0                 
    +--+-------------------------------+------+------------------+--------------------+
       Total:                          369    0                  0                 
                                                                                   
       Stack:                          0      0                  768               
    +--+-------------------------------+------+------------------+--------------------+
       Grand Total:                    4921   384                5647              


GLOBAL DATA SYMBOLS: SORTED BY DATA PAGE

address     data page           name
--------    ----------------    ----
00000400      10 (00000400)     __stack

00000880      22 (00000880)     _DevEmuRegs

00000985      26 (00000980)     _SysPwrCtrlRegs

00000a80      2a (00000a80)     _FlashRegs

00000ae0      2b (00000ac0)     _CsmRegs

00000b00      2c (00000b00)     _AdcResult

00000c00      30 (00000c00)     _CpuTimer0Regs
00000c08      30 (00000c00)     _CpuTimer1Regs
00000c10      30 (00000c00)     _CpuTimer2Regs

00000ce0      33 (00000cc0)     _PieCtrlRegs

00000d00      34 (00000d00)     _EmuKey
00000d00      34 (00000d00)     _PieVectTable
00000d01      34 (00000d00)     _EmuBMode
00000d02      34 (00000d00)     _Flash_CallbackPtr
00000d04      34 (00000d00)     _Flash_CPUScaleFactor

00001000      40 (00001000)     _DmaRegs

00001400      50 (00001400)     _Cla1Regs

00004000     100 (00004000)     _Usb0Regs

00005000     140 (00005000)     _McbspaRegs

00006000     180 (00006000)     _ECanaRegs

00006040     181 (00006040)     _ECanaLAMRegs

00006080     182 (00006080)     _ECanaMOTSRegs

000060c0     183 (000060c0)     _ECanaMOTORegs

00006100     184 (00006100)     _ECanaMboxes

00006400     190 (00006400)     _Comp1Regs
00006420     190 (00006400)     _Comp2Regs

00006440     191 (00006440)     _Comp3Regs

00006800     1a0 (00006800)     _EPwm1Regs

00006840     1a1 (00006840)     _EPwm2Regs

00006880     1a2 (00006880)     _EPwm3Regs

000068c0     1a3 (000068c0)     _EPwm4Regs

00006900     1a4 (00006900)     _EPwm5Regs

00006940     1a5 (00006940)     _EPwm6Regs

00006980     1a6 (00006980)     _EPwm7Regs

000069c0     1a7 (000069c0)     _EPwm8Regs

00006a00     1a8 (00006a00)     _ECap1Regs
00006a20     1a8 (00006a00)     _ECap2Regs

00006a40     1a9 (00006a40)     _ECap3Regs

00006ac0     1ab (00006ac0)     _HRCap1Regs
00006ae0     1ab (00006ac0)     _HRCap2Regs

00006b00     1ac (00006b00)     _EQep1Regs

00006b40     1ad (00006b40)     _EQep2Regs

00006c80     1b2 (00006c80)     _HRCap3Regs
00006ca0     1b2 (00006c80)     _HRCap4Regs

00006f80     1be (00006f80)     _GpioCtrlRegs

00006fc0     1bf (00006fc0)     _GpioDataRegs
00006fe0     1bf (00006fc0)     _GpioIntRegs

00007010     1c0 (00007000)     _SysCtrlRegs

00007040     1c1 (00007040)     _SpiaRegs
00007050     1c1 (00007040)     _SciaRegs
00007060     1c1 (00007040)     _NmiIntruptRegs
00007070     1c1 (00007040)     _XIntruptRegs

00007100     1c4 (00007100)     _AdcRegs

00007740     1dd (00007740)     _SpibRegs
00007750     1dd (00007740)     _ScibRegs

00007900     1e4 (00007900)     _I2caRegs

0000a000     280 (0000a000)     _grid_current_graph

0000a12c     284 (0000a100)     _Voltage1
0000a136     284 (0000a100)     _Voltage2

0000a140     285 (0000a140)     _output_graph

0000a26c     289 (0000a240)     _Voltage3
0000a276     289 (0000a240)     _sineValue1
0000a277     289 (0000a240)     _sineValue2
0000a278     289 (0000a240)     _rectifier_dutycycle
0000a27a     289 (0000a240)     _i_ref_rt
0000a27c     289 (0000a240)     __lock
0000a27e     289 (0000a240)     __unlock

0000a280     28a (0000a280)     _rectifier_volt_graph

0000a3ac     28e (0000a380)     ___TI_enable_exit_profile_output
0000a3ae     28e (0000a380)     ___TI_cleanup_ptr
0000a3b0     28e (0000a380)     ___TI_dtors_ptr
0000a3b2     28e (0000a380)     _errno

0000a3c0     28f (0000a3c0)     _grid_vol_graph

0000a488     292 (0000a480)     _CpuTimer0
0000a490     292 (0000a480)     _CpuTimer1
0000a498     292 (0000a480)     _CpuTimer2
0000a4a0     292 (0000a480)     _LoopCount
0000a4a1     292 (0000a480)     _ConversionCount
0000a4a2     292 (0000a480)     _index
0000a4a3     292 (0000a480)     _grid_curr_index
0000a4a4     292 (0000a480)     _rectifier_volt_index
0000a4a5     292 (0000a480)     _gridvindex
0000a4a6     292 (0000a480)     _Vol1
0000a4a8     292 (0000a480)     _Vol2
0000a4aa     292 (0000a480)     _Vol3
0000a4ac     292 (0000a480)     _rectifier_voltage
0000a4ae     292 (0000a480)     _filtered_current
0000a4b0     292 (0000a480)     _filtered_vol3

0000a4c0     293 (0000a4c0)     _scope_mode
0000a4c1     293 (0000a4c0)     _flag
0000a4c2     293 (0000a4c0)     _K_RLC
0000a4c3     293 (0000a4c0)     _general_index
0000a4c4     293 (0000a4c0)     _theta_index
0000a4c5     293 (0000a4c0)     _output_index
0000a4c6     293 (0000a4c0)     _compare1
0000a4c7     293 (0000a4c0)     _compare2
0000a4c8     293 (0000a4c0)     _dutySin
0000a4ca     293 (0000a4c0)     _CURRENT_PEAK
0000a4cc     293 (0000a4c0)     _ratio
0000a4ce     293 (0000a4c0)     _Kp_set
0000a4d0     293 (0000a4c0)     _V_dc_feedback
0000a4d2     293 (0000a4c0)     _V_in_feedback
0000a4d4     293 (0000a4c0)     _power_factor
0000a4d6     293 (0000a4c0)     _rectifier_theta
0000a4d8     293 (0000a4c0)     _ref_current
0000a4da     293 (0000a4c0)     _current_soft_start
0000a4dc     293 (0000a4c0)     _sineValue
0000a4de     293 (0000a4c0)     _error
0000a4e0     293 (0000a4c0)     _error_before
0000a4e2     293 (0000a4c0)     _Ii_circle_p
0000a4e4     293 (0000a4c0)     _output
0000a4e6     293 (0000a4c0)     _output1
0000a4e8     293 (0000a4c0)     _GRID_FREQ
0000a4ea     293 (0000a4c0)     _normalized_voltage
0000a4ec     293 (0000a4c0)     _grid_voltage
0000a4ee     293 (0000a4c0)     _grid_current
0000a4f0     293 (0000a4c0)     _ref_sinwave
0000a4f2     293 (0000a4c0)     _dutyCycle
0000a4f4     293 (0000a4c0)     _dutyCycle2

0000a500     294 (0000a500)     _spll1

0000a546     295 (0000a540)     _PieVectTableInit

003d7e80    f5fa (003d7e80)     _PartIdRegs

003f7ff8    fdff (003f7fc0)     _CsmPwl


GLOBAL SYMBOLS: SORTED ALPHABETICALLY BY Name 

page  address   name                            
----  -------   ----                            
0     00008000  .text                           
0     00009219  C$$EXIT                         
0     00008f72  FS$$DIV                         
0     000080be  _ADCINT1_ISR                    
0     000080c8  _ADCINT2_ISR                    
0     000082d0  _ADCINT3_ISR                    
0     000082da  _ADCINT4_ISR                    
0     000082e4  _ADCINT5_ISR                    
0     000082ee  _ADCINT6_ISR                    
0     000082f8  _ADCINT7_ISR                    
0     00008302  _ADCINT8_ISR                    
0     000080e6  _ADCINT9_ISR                    
0     00008ed0  _ADC_Init                       
0     0000840d  _AdcChanSelect                  
0     00008482  _AdcConversion                  
0     000083e6  _AdcOffsetSelfCal               
1     00007100  _AdcRegs                        
1     00000b00  _AdcResult                      
0     0000830c  _CLA1_INT1_ISR                  
0     00008316  _CLA1_INT2_ISR                  
0     00008320  _CLA1_INT3_ISR                  
0     0000832a  _CLA1_INT4_ISR                  
0     00008334  _CLA1_INT5_ISR                  
0     0000833e  _CLA1_INT6_ISR                  
0     00008348  _CLA1_INT7_ISR                  
0     00008352  _CLA1_INT8_ISR                  
1     0000a4ca  _CURRENT_PEAK                   
1     00001400  _Cla1Regs                       
1     00006400  _Comp1Regs                      
1     00006420  _Comp2Regs                      
1     00006440  _Comp3Regs                      
0     00009035  _ConfigCpuTimer                 
1     0000a4a1  _ConversionCount                
1     0000a488  _CpuTimer0                      
1     00000c00  _CpuTimer0Regs                  
1     0000a490  _CpuTimer1                      
1     00000c08  _CpuTimer1Regs                  
1     0000a498  _CpuTimer2                      
1     00000c10  _CpuTimer2Regs                  
1     003f7ff8  _CsmPwl                         
1     00000ae0  _CsmRegs                        
0     0000889f  _CsmUnlock                      
0     00008014  _DATALOG_ISR                    
0     00008244  _DINTCH1_ISR                    
0     0000824e  _DINTCH2_ISR                    
0     00008258  _DINTCH3_ISR                    
0     00008262  _DINTCH4_ISR                    
0     0000826c  _DINTCH5_ISR                    
0     00008276  _DINTCH6_ISR                    
0     000000d2  _DSP28x_usDelay                 
1     00000880  _DevEmuRegs                     
0     000087bf  _DisableDog                     
1     00001000  _DmaRegs                        
0     000082bc  _ECAN0INTA_ISR                  
0     000082c6  _ECAN1INTA_ISR                  
0     000081a4  _ECAP1_INT_ISR                  
0     000081ae  _ECAP2_INT_ISR                  
0     000081b8  _ECAP3_INT_ISR                  
1     00006040  _ECanaLAMRegs                   
1     000060c0  _ECanaMOTORegs                  
1     00006080  _ECanaMOTSRegs                  
1     00006100  _ECanaMboxes                    
1     00006000  _ECanaRegs                      
1     00006a00  _ECap1Regs                      
1     00006a20  _ECap2Regs                      
1     00006a40  _ECap3Regs                      
0     0000837a  _EMPTY_ISR                      
0     00008028  _EMUINT_ISR                     
0     00008154  _EPWM1_INT_ISR                  
0     00008104  _EPWM1_TZINT_ISR                
0     0000815e  _EPWM2_INT_ISR                  
0     0000810e  _EPWM2_TZINT_ISR                
0     00008168  _EPWM3_INT_ISR                  
0     00008118  _EPWM3_TZINT_ISR                
0     00008172  _EPWM4_INT_ISR                  
0     00008122  _EPWM4_TZINT_ISR                
0     0000817c  _EPWM5_INT_ISR                  
0     0000812c  _EPWM5_TZINT_ISR                
0     00008186  _EPWM6_INT_ISR                  
0     00008136  _EPWM6_TZINT_ISR                
0     00008190  _EPWM7_INT_ISR                  
0     00008140  _EPWM7_TZINT_ISR                
0     0000819a  _EPWM8_INT_ISR                  
0     0000814a  _EPWM8_TZINT_ISR                
1     00006800  _EPwm1Regs                      
1     00006840  _EPwm2Regs                      
1     00006880  _EPwm3Regs                      
1     000068c0  _EPwm4Regs                      
1     00006900  _EPwm5Regs                      
1     00006940  _EPwm6Regs                      
1     00006980  _EPwm7Regs                      
1     000069c0  _EPwm8Regs                      
0     000081d6  _EQEP1_INT_ISR                  
0     000081e0  _EQEP2_INT_ISR                  
1     00006b00  _EQep1Regs                      
1     00006b40  _EQep2Regs                      
1     00000d01  _EmuBMode                       
1     00000d00  _EmuKey                         
0     00009261  _EnableInterrupts               
0     00008915  _ExtOscSel                      
1     00000a80  _FlashRegs                      
1     00000d04  _Flash_CPUScaleFactor           
1     00000d02  _Flash_CallbackPtr              
1     0000a4e8  _GRID_FREQ                      
1     00006f80  _GpioCtrlRegs                   
1     00006fc0  _GpioDataRegs                   
1     00006fe0  _GpioIntRegs                    
0     000081c2  _HRCAP1_INT_ISR                 
0     000081cc  _HRCAP2_INT_ISR                 
0     000081ea  _HRCAP3_INT_ISR                 
0     000081f4  _HRCAP4_INT_ISR                 
1     00006ac0  _HRCap1Regs                     
1     00006ae0  _HRCap2Regs                     
1     00006c80  _HRCap3Regs                     
1     00006ca0  _HRCap4Regs                     
0     00008280  _I2CINT1A_ISR                   
0     0000828a  _I2CINT2A_ISR                   
1     00007900  _I2caRegs                       
0     0000803c  _ILLEGAL_ISR                    
0     00008000  _INT13_ISR                      
0     0000800a  _INT14_ISR                      
1     0000a4e2  _Ii_circle_p                    
0     0000839b  _InitAdc                        
0     000083c4  _InitAdcAio                     
0     00008ffa  _InitCpuTimers                  
0     00008dfc  _InitEPwm                       
0     00008e0e  _InitEPwm1Gpio                  
0     00008e20  _InitEPwm2Gpio                  
0     00008e32  _InitEPwm3Gpio                  
0     00008e46  _InitEPwm4Gpio                  
0     00008e5a  _InitEPwm5Gpio                  
0     00008e6c  _InitEPwm6Gpio                  
0     00008e7e  _InitEPwm7Gpio                  
0     00008e8e  _InitEPwm8Gpio                  
0     00008dfd  _InitEPwmGpio                   
0     00008e9e  _InitEPwmSyncGpio               
0     00008a9c  _InitPWM2                       
0     00008aea  _InitPWM3                       
0     00008b38  _InitPWM7                       
0     00008b91  _InitPWM8                       
0     00008849  _InitPeripheralClocks           
0     00009242  _InitPieCtrl                    
0     00009291  _InitPieVectTable               
0     000087c7  _InitPll                        
0     0000881b  _InitPll2                       
0     0000879b  _InitSysCtrl                    
0     00008eaf  _InitTzGpio                     
0     000088d0  _IntOsc1Sel                     
0     000088e0  _IntOsc2Sel                     
0     0000918f  _KEY_Init                       
0     000091bf  _KEY_Read                       
1     0000a4c2  _K_RLC                          
1     0000a4ce  _Kp_set                         
0     00008cfa  _LED_Init                       
0     00008370  _LUF_ISR                        
0     00008366  _LVF_ISR                        
1     0000a4a0  _LoopCount                      
0     00008230  _MRINTA_ISR                     
0     0000823a  _MXINTA_ISR                     
1     00005000  _McbspaRegs                     
0     00008032  _NMI_ISR                        
1     00007060  _NmiIntruptRegs                 
0     00008387  _PIE_RESERVED                   
1     003d7e80  _PartIdRegs                     
1     00000ce0  _PieCtrlRegs                    
1     00000d00  _PieVectTable                   
1     0000a546  _PieVectTableInit               
0     0000801e  _RTOSINT_ISR                    
0     00008294  _SCIRXINTA_ISR                  
0     000082a8  _SCIRXINTB_ISR                  
0     0000829e  _SCITXINTA_ISR                  
0     000082b2  _SCITXINTB_ISR                  
0     00008208  _SPIRXINTA_ISR                  
0     0000821c  _SPIRXINTB_ISR                  
0     00008212  _SPITXINTA_ISR                  
0     00008226  _SPITXINTB_ISR                  
0     000089dc  _SPLL_1ph_SOGI_F_FUNC           
0     00008986  _SPLL_1ph_SOGI_F_coeff_update   
0     0000892b  _SPLL_1ph_SOGI_F_init           
1     00007050  _SciaRegs                       
1     00007750  _ScibRegs                       
0     000087b5  _ServiceDog                     
1     00007040  _SpiaRegs                       
1     00007740  _SpibRegs                       
1     00007010  _SysCtrlRegs                    
1     00000985  _SysPwrCtrlRegs                 
0     000085d2  _TIM0_IRQn                      
0     000091df  _TIM0_Init                      
0     000080f0  _TINT0_ISR                      
0     000081fe  _USB0_INT_ISR                   
0     000080a0  _USER10_ISR                     
0     000080aa  _USER11_ISR                     
0     000080b4  _USER12_ISR                     
0     00008046  _USER1_ISR                      
0     00008050  _USER2_ISR                      
0     0000805a  _USER3_ISR                      
0     00008064  _USER4_ISR                      
0     0000806e  _USER5_ISR                      
0     00008078  _USER6_ISR                      
0     00008082  _USER7_ISR                      
0     0000808c  _USER8_ISR                      
0     00008096  _USER9_ISR                      
1     00004000  _Usb0Regs                       
1     0000a4d0  _V_dc_feedback                  
1     0000a4d2  _V_in_feedback                  
1     0000a4a6  _Vol1                           
1     0000a4a8  _Vol2                           
1     0000a4aa  _Vol3                           
1     0000a12c  _Voltage1                       
1     0000a136  _Voltage2                       
1     0000a26c  _Voltage3                       
0     000080fa  _WAKEINT_ISR                    
0     000080d2  _XINT1_ISR                      
0     000080dc  _XINT2_ISR                      
0     0000835c  _XINT3_ISR                      
1     00007070  _XIntruptRegs                   
0     000088fa  _XtalOscSel                     
1     00000700  __STACK_END                     
abs   00000300  __STACK_SIZE                    
1     0000a3ae  ___TI_cleanup_ptr               
1     0000a3b0  ___TI_dtors_ptr                 
1     0000a3ac  ___TI_enable_exit_profile_output
abs   ffffffff  ___TI_pprof_out_hndl            
abs   ffffffff  ___TI_prof_data_size            
abs   ffffffff  ___TI_prof_data_start           
abs   ffffffff  ___binit__                      
abs   ffffffff  ___c_args__                     
0     00000050  ___cinit__                      
0     00009333  ___etext__                      
abs   ffffffff  ___pinit__                      
0     00008000  ___text__                       
0     0000930d  __args_main                     
1     0000a27c  __lock                          
0     00009327  __nop                           
0     00009323  __register_lock                 
0     0000931f  __register_unlock               
1     00000400  __stack                         
0     00009332  __system_post_cinit             
0     00009330  __system_pre_init               
1     0000a27e  __unlock                        
0     00009219  _abort                          
0     00008bea  _adc_isr                        
0     00009139  _c_int00                        
1     0000a4c6  _compare1                       
1     0000a4c7  _compare2                       
0     000092b7  _copy_in                        
0     000090d6  _cos                            
0     000090d6  _cosf                           
1     0000a4da  _current_soft_start             
1     0000a4f2  _dutyCycle                      
1     0000a4f4  _dutyCycle2                     
1     0000a4c8  _dutySin                        
0     000092f8  _epwm7_timer_isr                
1     0000a3b2  _errno                          
1     0000a4de  _error                          
1     0000a4e0  _error_before                   
0     0000921b  _exit                           
1     0000a4ae  _filtered_current               
1     0000a4b0  _filtered_vol3                  
1     0000a4c1  _flag                           
1     0000a4c3  _general_index                  
1     0000a4a3  _grid_curr_index                
1     0000a4ee  _grid_current                   
1     0000a000  _grid_current_graph             
1     0000a3c0  _grid_vol_graph                 
1     0000a4ec  _grid_voltage                   
1     0000a4a5  _gridvindex                     
1     0000a27a  _i_ref_rt                       
1     0000a4a2  _index                          
0     00008f1f  _kalmanFilter_Init              
0     00008f39  _kalman_filter                  
0     00008d0a  _main                           
0     000092db  _memcpy                         
1     0000a4ea  _normalized_voltage             
1     0000a4e4  _output                         
1     0000a4e6  _output1                        
1     0000a140  _output_graph                   
1     0000a4c5  _output_index                   
1     0000a4d4  _power_factor                   
1     0000a4cc  _ratio                          
1     0000a278  _rectifier_dutycycle            
1     0000a4d6  _rectifier_theta                
1     0000a280  _rectifier_volt_graph           
1     0000a4a4  _rectifier_volt_index           
1     0000a4ac  _rectifier_voltage              
1     0000a4d8  _ref_current                    
1     0000a4f0  _ref_sinwave                    
0     00008391  _rsvd_ISR                       
1     0000a4c0  _scope_mode                     
0     00009070  _sin                            
1     0000a4dc  _sineValue                      
1     0000a276  _sineValue1                     
1     0000a277  _sineValue2                     
0     00009070  _sinf                           
1     0000a500  _spll1                          
0     0000926a  _sqrt                           
0     0000926a  _sqrtf                          
1     0000a4c4  _theta_index                    
abs   ffffffff  binit                           
0     00000050  cinit                           
0     00000000  code_start                      
0     00009333  etext                           
abs   ffffffff  pinit                           


GLOBAL SYMBOLS: SORTED BY Symbol Address 

page  address   name                            
----  -------   ----                            
0     00000000  code_start                      
0     00000050  ___cinit__                      
0     00000050  cinit                           
0     000000d2  _DSP28x_usDelay                 
0     00008000  .text                           
0     00008000  _INT13_ISR                      
0     00008000  ___text__                       
0     0000800a  _INT14_ISR                      
0     00008014  _DATALOG_ISR                    
0     0000801e  _RTOSINT_ISR                    
0     00008028  _EMUINT_ISR                     
0     00008032  _NMI_ISR                        
0     0000803c  _ILLEGAL_ISR                    
0     00008046  _USER1_ISR                      
0     00008050  _USER2_ISR                      
0     0000805a  _USER3_ISR                      
0     00008064  _USER4_ISR                      
0     0000806e  _USER5_ISR                      
0     00008078  _USER6_ISR                      
0     00008082  _USER7_ISR                      
0     0000808c  _USER8_ISR                      
0     00008096  _USER9_ISR                      
0     000080a0  _USER10_ISR                     
0     000080aa  _USER11_ISR                     
0     000080b4  _USER12_ISR                     
0     000080be  _ADCINT1_ISR                    
0     000080c8  _ADCINT2_ISR                    
0     000080d2  _XINT1_ISR                      
0     000080dc  _XINT2_ISR                      
0     000080e6  _ADCINT9_ISR                    
0     000080f0  _TINT0_ISR                      
0     000080fa  _WAKEINT_ISR                    
0     00008104  _EPWM1_TZINT_ISR                
0     0000810e  _EPWM2_TZINT_ISR                
0     00008118  _EPWM3_TZINT_ISR                
0     00008122  _EPWM4_TZINT_ISR                
0     0000812c  _EPWM5_TZINT_ISR                
0     00008136  _EPWM6_TZINT_ISR                
0     00008140  _EPWM7_TZINT_ISR                
0     0000814a  _EPWM8_TZINT_ISR                
0     00008154  _EPWM1_INT_ISR                  
0     0000815e  _EPWM2_INT_ISR                  
0     00008168  _EPWM3_INT_ISR                  
0     00008172  _EPWM4_INT_ISR                  
0     0000817c  _EPWM5_INT_ISR                  
0     00008186  _EPWM6_INT_ISR                  
0     00008190  _EPWM7_INT_ISR                  
0     0000819a  _EPWM8_INT_ISR                  
0     000081a4  _ECAP1_INT_ISR                  
0     000081ae  _ECAP2_INT_ISR                  
0     000081b8  _ECAP3_INT_ISR                  
0     000081c2  _HRCAP1_INT_ISR                 
0     000081cc  _HRCAP2_INT_ISR                 
0     000081d6  _EQEP1_INT_ISR                  
0     000081e0  _EQEP2_INT_ISR                  
0     000081ea  _HRCAP3_INT_ISR                 
0     000081f4  _HRCAP4_INT_ISR                 
0     000081fe  _USB0_INT_ISR                   
0     00008208  _SPIRXINTA_ISR                  
0     00008212  _SPITXINTA_ISR                  
0     0000821c  _SPIRXINTB_ISR                  
0     00008226  _SPITXINTB_ISR                  
0     00008230  _MRINTA_ISR                     
0     0000823a  _MXINTA_ISR                     
0     00008244  _DINTCH1_ISR                    
0     0000824e  _DINTCH2_ISR                    
0     00008258  _DINTCH3_ISR                    
0     00008262  _DINTCH4_ISR                    
0     0000826c  _DINTCH5_ISR                    
0     00008276  _DINTCH6_ISR                    
0     00008280  _I2CINT1A_ISR                   
0     0000828a  _I2CINT2A_ISR                   
0     00008294  _SCIRXINTA_ISR                  
0     0000829e  _SCITXINTA_ISR                  
0     000082a8  _SCIRXINTB_ISR                  
0     000082b2  _SCITXINTB_ISR                  
0     000082bc  _ECAN0INTA_ISR                  
0     000082c6  _ECAN1INTA_ISR                  
0     000082d0  _ADCINT3_ISR                    
0     000082da  _ADCINT4_ISR                    
0     000082e4  _ADCINT5_ISR                    
0     000082ee  _ADCINT6_ISR                    
0     000082f8  _ADCINT7_ISR                    
0     00008302  _ADCINT8_ISR                    
0     0000830c  _CLA1_INT1_ISR                  
0     00008316  _CLA1_INT2_ISR                  
0     00008320  _CLA1_INT3_ISR                  
0     0000832a  _CLA1_INT4_ISR                  
0     00008334  _CLA1_INT5_ISR                  
0     0000833e  _CLA1_INT6_ISR                  
0     00008348  _CLA1_INT7_ISR                  
0     00008352  _CLA1_INT8_ISR                  
0     0000835c  _XINT3_ISR                      
0     00008366  _LVF_ISR                        
0     00008370  _LUF_ISR                        
0     0000837a  _EMPTY_ISR                      
0     00008387  _PIE_RESERVED                   
0     00008391  _rsvd_ISR                       
0     0000839b  _InitAdc                        
0     000083c4  _InitAdcAio                     
0     000083e6  _AdcOffsetSelfCal               
0     0000840d  _AdcChanSelect                  
0     00008482  _AdcConversion                  
0     000085d2  _TIM0_IRQn                      
0     0000879b  _InitSysCtrl                    
0     000087b5  _ServiceDog                     
0     000087bf  _DisableDog                     
0     000087c7  _InitPll                        
0     0000881b  _InitPll2                       
0     00008849  _InitPeripheralClocks           
0     0000889f  _CsmUnlock                      
0     000088d0  _IntOsc1Sel                     
0     000088e0  _IntOsc2Sel                     
0     000088fa  _XtalOscSel                     
0     00008915  _ExtOscSel                      
0     0000892b  _SPLL_1ph_SOGI_F_init           
0     00008986  _SPLL_1ph_SOGI_F_coeff_update   
0     000089dc  _SPLL_1ph_SOGI_F_FUNC           
0     00008a9c  _InitPWM2                       
0     00008aea  _InitPWM3                       
0     00008b38  _InitPWM7                       
0     00008b91  _InitPWM8                       
0     00008bea  _adc_isr                        
0     00008cfa  _LED_Init                       
0     00008d0a  _main                           
0     00008dfc  _InitEPwm                       
0     00008dfd  _InitEPwmGpio                   
0     00008e0e  _InitEPwm1Gpio                  
0     00008e20  _InitEPwm2Gpio                  
0     00008e32  _InitEPwm3Gpio                  
0     00008e46  _InitEPwm4Gpio                  
0     00008e5a  _InitEPwm5Gpio                  
0     00008e6c  _InitEPwm6Gpio                  
0     00008e7e  _InitEPwm7Gpio                  
0     00008e8e  _InitEPwm8Gpio                  
0     00008e9e  _InitEPwmSyncGpio               
0     00008eaf  _InitTzGpio                     
0     00008ed0  _ADC_Init                       
0     00008f1f  _kalmanFilter_Init              
0     00008f39  _kalman_filter                  
0     00008f72  FS$$DIV                         
0     00008ffa  _InitCpuTimers                  
0     00009035  _ConfigCpuTimer                 
0     00009070  _sin                            
0     00009070  _sinf                           
0     000090d6  _cos                            
0     000090d6  _cosf                           
0     00009139  _c_int00                        
0     0000918f  _KEY_Init                       
0     000091bf  _KEY_Read                       
0     000091df  _TIM0_Init                      
0     00009219  C$$EXIT                         
0     00009219  _abort                          
0     0000921b  _exit                           
0     00009242  _InitPieCtrl                    
0     00009261  _EnableInterrupts               
0     0000926a  _sqrt                           
0     0000926a  _sqrtf                          
0     00009291  _InitPieVectTable               
0     000092b7  _copy_in                        
0     000092db  _memcpy                         
0     000092f8  _epwm7_timer_isr                
0     0000930d  __args_main                     
0     0000931f  __register_unlock               
0     00009323  __register_lock                 
0     00009327  __nop                           
0     00009330  __system_pre_init               
0     00009332  __system_post_cinit             
0     00009333  ___etext__                      
0     00009333  etext                           
1     00000400  __stack                         
1     00000700  __STACK_END                     
1     00000880  _DevEmuRegs                     
1     00000985  _SysPwrCtrlRegs                 
1     00000a80  _FlashRegs                      
1     00000ae0  _CsmRegs                        
1     00000b00  _AdcResult                      
1     00000c00  _CpuTimer0Regs                  
1     00000c08  _CpuTimer1Regs                  
1     00000c10  _CpuTimer2Regs                  
1     00000ce0  _PieCtrlRegs                    
1     00000d00  _EmuKey                         
1     00000d00  _PieVectTable                   
1     00000d01  _EmuBMode                       
1     00000d02  _Flash_CallbackPtr              
1     00000d04  _Flash_CPUScaleFactor           
1     00001000  _DmaRegs                        
1     00001400  _Cla1Regs                       
1     00004000  _Usb0Regs                       
1     00005000  _McbspaRegs                     
1     00006000  _ECanaRegs                      
1     00006040  _ECanaLAMRegs                   
1     00006080  _ECanaMOTSRegs                  
1     000060c0  _ECanaMOTORegs                  
1     00006100  _ECanaMboxes                    
1     00006400  _Comp1Regs                      
1     00006420  _Comp2Regs                      
1     00006440  _Comp3Regs                      
1     00006800  _EPwm1Regs                      
1     00006840  _EPwm2Regs                      
1     00006880  _EPwm3Regs                      
1     000068c0  _EPwm4Regs                      
1     00006900  _EPwm5Regs                      
1     00006940  _EPwm6Regs                      
1     00006980  _EPwm7Regs                      
1     000069c0  _EPwm8Regs                      
1     00006a00  _ECap1Regs                      
1     00006a20  _ECap2Regs                      
1     00006a40  _ECap3Regs                      
1     00006ac0  _HRCap1Regs                     
1     00006ae0  _HRCap2Regs                     
1     00006b00  _EQep1Regs                      
1     00006b40  _EQep2Regs                      
1     00006c80  _HRCap3Regs                     
1     00006ca0  _HRCap4Regs                     
1     00006f80  _GpioCtrlRegs                   
1     00006fc0  _GpioDataRegs                   
1     00006fe0  _GpioIntRegs                    
1     00007010  _SysCtrlRegs                    
1     00007040  _SpiaRegs                       
1     00007050  _SciaRegs                       
1     00007060  _NmiIntruptRegs                 
1     00007070  _XIntruptRegs                   
1     00007100  _AdcRegs                        
1     00007740  _SpibRegs                       
1     00007750  _ScibRegs                       
1     00007900  _I2caRegs                       
1     0000a000  _grid_current_graph             
1     0000a12c  _Voltage1                       
1     0000a136  _Voltage2                       
1     0000a140  _output_graph                   
1     0000a26c  _Voltage3                       
1     0000a276  _sineValue1                     
1     0000a277  _sineValue2                     
1     0000a278  _rectifier_dutycycle            
1     0000a27a  _i_ref_rt                       
1     0000a27c  __lock                          
1     0000a27e  __unlock                        
1     0000a280  _rectifier_volt_graph           
1     0000a3ac  ___TI_enable_exit_profile_output
1     0000a3ae  ___TI_cleanup_ptr               
1     0000a3b0  ___TI_dtors_ptr                 
1     0000a3b2  _errno                          
1     0000a3c0  _grid_vol_graph                 
1     0000a488  _CpuTimer0                      
1     0000a490  _CpuTimer1                      
1     0000a498  _CpuTimer2                      
1     0000a4a0  _LoopCount                      
1     0000a4a1  _ConversionCount                
1     0000a4a2  _index                          
1     0000a4a3  _grid_curr_index                
1     0000a4a4  _rectifier_volt_index           
1     0000a4a5  _gridvindex                     
1     0000a4a6  _Vol1                           
1     0000a4a8  _Vol2                           
1     0000a4aa  _Vol3                           
1     0000a4ac  _rectifier_voltage              
1     0000a4ae  _filtered_current               
1     0000a4b0  _filtered_vol3                  
1     0000a4c0  _scope_mode                     
1     0000a4c1  _flag                           
1     0000a4c2  _K_RLC                          
1     0000a4c3  _general_index                  
1     0000a4c4  _theta_index                    
1     0000a4c5  _output_index                   
1     0000a4c6  _compare1                       
1     0000a4c7  _compare2                       
1     0000a4c8  _dutySin                        
1     0000a4ca  _CURRENT_PEAK                   
1     0000a4cc  _ratio                          
1     0000a4ce  _Kp_set                         
1     0000a4d0  _V_dc_feedback                  
1     0000a4d2  _V_in_feedback                  
1     0000a4d4  _power_factor                   
1     0000a4d6  _rectifier_theta                
1     0000a4d8  _ref_current                    
1     0000a4da  _current_soft_start             
1     0000a4dc  _sineValue                      
1     0000a4de  _error                          
1     0000a4e0  _error_before                   
1     0000a4e2  _Ii_circle_p                    
1     0000a4e4  _output                         
1     0000a4e6  _output1                        
1     0000a4e8  _GRID_FREQ                      
1     0000a4ea  _normalized_voltage             
1     0000a4ec  _grid_voltage                   
1     0000a4ee  _grid_current                   
1     0000a4f0  _ref_sinwave                    
1     0000a4f2  _dutyCycle                      
1     0000a4f4  _dutyCycle2                     
1     0000a500  _spll1                          
1     0000a546  _PieVectTableInit               
1     003d7e80  _PartIdRegs                     
1     003f7ff8  _CsmPwl                         
abs   00000300  __STACK_SIZE                    
abs   ffffffff  ___TI_pprof_out_hndl            
abs   ffffffff  ___TI_prof_data_size            
abs   ffffffff  ___TI_prof_data_start           
abs   ffffffff  ___binit__                      
abs   ffffffff  ___c_args__                     
abs   ffffffff  ___pinit__                      
abs   ffffffff  binit                           
abs   ffffffff  pinit                           

[303 symbols]
