<?xml version="1.0" encoding="ISO-8859-1" ?>
<link_info>
   <banner>TMS320C2000 Linker Unix v22.6.1A23259</banner>
   <copyright>Copyright (c) 1996-2018 Texas Instruments Incorporated</copyright>
   <link_time>0x669bae6e</link_time>
   <link_errors>0x0</link_errors>
   <output_file>Electronic_load.out</output_file>
   <entry_point>
      <name>_c_int00</name>
      <address>0x3f56a2</address>
   </entry_point>
   <input_file_list>
      <input_file id="fl-2">
         <path>./app/adc/</path>
         <kind>object</kind>
         <file>adc.obj</file>
         <name>adc.obj</name>
      </input_file>
      <input_file id="fl-3">
         <path>./app/epwm/</path>
         <kind>object</kind>
         <file>epwm.obj</file>
         <name>epwm.obj</name>
      </input_file>
      <input_file id="fl-4">
         <path>./app/key/</path>
         <kind>object</kind>
         <file>key.obj</file>
         <name>key.obj</name>
      </input_file>
      <input_file id="fl-5">
         <path>./app/oled/</path>
         <kind>object</kind>
         <file>oled.obj</file>
         <name>oled.obj</name>
      </input_file>
      <input_file id="fl-6">
         <path>./app/spi/</path>
         <kind>object</kind>
         <file>spi.obj</file>
         <name>spi.obj</name>
      </input_file>
      <input_file id="fl-7">
         <path>./app/timer/</path>
         <kind>object</kind>
         <file>timer.obj</file>
         <name>timer.obj</name>
      </input_file>
      <input_file id="fl-8">
         <path>./f2806x_libraries/</path>
         <kind>object</kind>
         <file>F2806x_Adc.obj</file>
         <name>F2806x_Adc.obj</name>
      </input_file>
      <input_file id="fl-9">
         <path>./f2806x_libraries/</path>
         <kind>object</kind>
         <file>F2806x_CodeStartBranch.obj</file>
         <name>F2806x_CodeStartBranch.obj</name>
      </input_file>
      <input_file id="fl-a">
         <path>./f2806x_libraries/</path>
         <kind>object</kind>
         <file>F2806x_CpuTimers.obj</file>
         <name>F2806x_CpuTimers.obj</name>
      </input_file>
      <input_file id="fl-b">
         <path>./f2806x_libraries/</path>
         <kind>object</kind>
         <file>F2806x_DefaultIsr.obj</file>
         <name>F2806x_DefaultIsr.obj</name>
      </input_file>
      <input_file id="fl-c">
         <path>./f2806x_libraries/</path>
         <kind>object</kind>
         <file>F2806x_EPwm.obj</file>
         <name>F2806x_EPwm.obj</name>
      </input_file>
      <input_file id="fl-d">
         <path>./f2806x_libraries/</path>
         <kind>object</kind>
         <file>F2806x_GlobalVariableDefs.obj</file>
         <name>F2806x_GlobalVariableDefs.obj</name>
      </input_file>
      <input_file id="fl-e">
         <path>./f2806x_libraries/</path>
         <kind>object</kind>
         <file>F2806x_Gpio.obj</file>
         <name>F2806x_Gpio.obj</name>
      </input_file>
      <input_file id="fl-f">
         <path>./f2806x_libraries/</path>
         <kind>object</kind>
         <file>F2806x_I2C.obj</file>
         <name>F2806x_I2C.obj</name>
      </input_file>
      <input_file id="fl-10">
         <path>./f2806x_libraries/</path>
         <kind>object</kind>
         <file>F2806x_PieCtrl.obj</file>
         <name>F2806x_PieCtrl.obj</name>
      </input_file>
      <input_file id="fl-11">
         <path>./f2806x_libraries/</path>
         <kind>object</kind>
         <file>F2806x_PieVect.obj</file>
         <name>F2806x_PieVect.obj</name>
      </input_file>
      <input_file id="fl-12">
         <path>./f2806x_libraries/</path>
         <kind>object</kind>
         <file>F2806x_Sci.obj</file>
         <name>F2806x_Sci.obj</name>
      </input_file>
      <input_file id="fl-13">
         <path>./f2806x_libraries/</path>
         <kind>object</kind>
         <file>F2806x_Spi.obj</file>
         <name>F2806x_Spi.obj</name>
      </input_file>
      <input_file id="fl-14">
         <path>./f2806x_libraries/</path>
         <kind>object</kind>
         <file>F2806x_SysCtrl.obj</file>
         <name>F2806x_SysCtrl.obj</name>
      </input_file>
      <input_file id="fl-15">
         <path>./f2806x_libraries/</path>
         <kind>object</kind>
         <file>F2806x_usDelay.obj</file>
         <name>F2806x_usDelay.obj</name>
      </input_file>
      <input_file id="fl-16">
         <path>./user/</path>
         <kind>object</kind>
         <file>main.obj</file>
         <name>main.obj</name>
      </input_file>
      <input_file id="fl-1c">
         <kind>object</kind>
         <file>&lt;internal&gt;</file>
         <name>&lt;internal&gt;</name>
      </input_file>
      <input_file id="fl-28">
         <path>/Applications/ti/ccstheia140/ccs/tools/compiler/ti-cgt-c2000_22.6.1A23259/lib/</path>
         <kind>archive</kind>
         <file>rts2800_fpu32.lib</file>
         <name>e_sqrtf.c.obj</name>
      </input_file>
      <input_file id="fl-29">
         <path>/Applications/ti/ccstheia140/ccs/tools/compiler/ti-cgt-c2000_22.6.1A23259/lib/</path>
         <kind>archive</kind>
         <file>rts2800_fpu32.lib</file>
         <name>s_cosf.c.obj</name>
      </input_file>
      <input_file id="fl-2a">
         <path>/Applications/ti/ccstheia140/ccs/tools/compiler/ti-cgt-c2000_22.6.1A23259/lib/</path>
         <kind>archive</kind>
         <file>rts2800_fpu32.lib</file>
         <name>s_sinf.c.obj</name>
      </input_file>
      <input_file id="fl-2b">
         <path>/Applications/ti/ccstheia140/ccs/tools/compiler/ti-cgt-c2000_22.6.1A23259/lib/</path>
         <kind>archive</kind>
         <file>rts2800_fpu32.lib</file>
         <name>boot28.asm.obj</name>
      </input_file>
      <input_file id="fl-2c">
         <path>/Applications/ti/ccstheia140/ccs/tools/compiler/ti-cgt-c2000_22.6.1A23259/lib/</path>
         <kind>archive</kind>
         <file>rts2800_fpu32.lib</file>
         <name>fs_div28.asm.obj</name>
      </input_file>
      <input_file id="fl-2d">
         <path>/Applications/ti/ccstheia140/ccs/tools/compiler/ti-cgt-c2000_22.6.1A23259/lib/</path>
         <kind>archive</kind>
         <file>rts2800_fpu32.lib</file>
         <name>i_div28.asm.obj</name>
      </input_file>
      <input_file id="fl-2e">
         <path>/Applications/ti/ccstheia140/ccs/tools/compiler/ti-cgt-c2000_22.6.1A23259/lib/</path>
         <kind>archive</kind>
         <file>rts2800_fpu32.lib</file>
         <name>cpy_tbl.c.obj</name>
      </input_file>
      <input_file id="fl-2f">
         <path>/Applications/ti/ccstheia140/ccs/tools/compiler/ti-cgt-c2000_22.6.1A23259/lib/</path>
         <kind>archive</kind>
         <file>rts2800_fpu32.lib</file>
         <name>memcpy.c.obj</name>
      </input_file>
      <input_file id="fl-30">
         <path>/Applications/ti/ccstheia140/ccs/tools/compiler/ti-cgt-c2000_22.6.1A23259/lib/</path>
         <kind>archive</kind>
         <file>rts2800_fpu32.lib</file>
         <name>pre_init.c.obj</name>
      </input_file>
      <input_file id="fl-31">
         <path>/Applications/ti/ccstheia140/ccs/tools/compiler/ti-cgt-c2000_22.6.1A23259/lib/</path>
         <kind>archive</kind>
         <file>rts2800_fpu32.lib</file>
         <name>startup.c.obj</name>
      </input_file>
      <input_file id="fl-32">
         <path>/Applications/ti/ccstheia140/ccs/tools/compiler/ti-cgt-c2000_22.6.1A23259/lib/</path>
         <kind>archive</kind>
         <file>rts2800_fpu32.lib</file>
         <name>exit.c.obj</name>
      </input_file>
      <input_file id="fl-33">
         <path>/Applications/ti/ccstheia140/ccs/tools/compiler/ti-cgt-c2000_22.6.1A23259/lib/</path>
         <kind>archive</kind>
         <file>rts2800_fpu32.lib</file>
         <name>_lock.c.obj</name>
      </input_file>
      <input_file id="fl-34">
         <path>/Applications/ti/ccstheia140/ccs/tools/compiler/ti-cgt-c2000_22.6.1A23259/lib/</path>
         <kind>archive</kind>
         <file>rts2800_fpu32.lib</file>
         <name>args_main.c.obj</name>
      </input_file>
      <input_file id="fl-35">
         <path>/Applications/ti/ccstheia140/ccs/tools/compiler/ti-cgt-c2000_22.6.1A23259/lib/</path>
         <kind>archive</kind>
         <file>rts2800_fpu32.lib</file>
         <name>errno.c.obj</name>
      </input_file>
      <input_file id="fl-36">
         <path>/Applications/ti/solar/v1.2/float/lib/</path>
         <kind>archive</kind>
         <file>Solar_Lib_Float.lib</file>
         <name>SPLL_1ph_SOGI_F.obj</name>
      </input_file>
   </input_file_list>
   <object_component_list>
      <object_component id="oc-f9">
         <name>.cinit</name>
         <load_address>0x3f629b</load_address>
         <run_address>0x3f629b</run_address>
         <size>0x7c</size>
         <input_file_ref idref="fl-16"/>
      </object_component>
      <object_component id="oc-56">
         <name>.cinit</name>
         <load_address>0x3f6317</load_address>
         <run_address>0x3f6317</run_address>
         <size>0x18</size>
         <input_file_ref idref="fl-2"/>
      </object_component>
      <object_component id="oc-135">
         <name>.cinit</name>
         <load_address>0x3f632f</load_address>
         <run_address>0x3f632f</run_address>
         <size>0xe</size>
         <input_file_ref idref="fl-32"/>
      </object_component>
      <object_component id="oc-5e">
         <name>.cinit</name>
         <load_address>0x3f633d</load_address>
         <run_address>0x3f633d</run_address>
         <size>0xd</size>
         <input_file_ref idref="fl-3"/>
      </object_component>
      <object_component id="oc-162">
         <name>.cinit:__lock</name>
         <load_address>0x3f634a</load_address>
         <run_address>0x3f634a</run_address>
         <size>0x5</size>
         <input_file_ref idref="fl-33"/>
      </object_component>
      <object_component id="oc-170">
         <name>.cinit:__unlock</name>
         <load_address>0x3f634f</load_address>
         <run_address>0x3f634f</run_address>
         <size>0x5</size>
         <input_file_ref idref="fl-33"/>
      </object_component>
      <object_component id="oc-146">
         <name>.cinit</name>
         <load_address>0x3f6354</load_address>
         <run_address>0x3f6354</run_address>
         <size>0x4</size>
         <input_file_ref idref="fl-35"/>
      </object_component>
      <object_component id="oc-160">
         <name>.text</name>
         <load_address>0x3f4000</load_address>
         <run_address>0x3f4000</run_address>
         <size>0x404</size>
         <input_file_ref idref="fl-16"/>
      </object_component>
      <object_component id="oc-8b">
         <name>.text:retain</name>
         <load_address>0x3f4404</load_address>
         <run_address>0x3f4404</run_address>
         <size>0x39b</size>
         <input_file_ref idref="fl-b"/>
      </object_component>
      <object_component id="oc-169">
         <name>.text</name>
         <load_address>0x3f479f</load_address>
         <run_address>0x3f479f</run_address>
         <size>0x2fd</size>
         <input_file_ref idref="fl-3"/>
      </object_component>
      <object_component id="oc-168">
         <name>.text</name>
         <load_address>0x3f4a9c</load_address>
         <run_address>0x3f4a9c</run_address>
         <size>0x237</size>
         <input_file_ref idref="fl-8"/>
      </object_component>
      <object_component id="oc-16c">
         <name>.text</name>
         <load_address>0x3f4cd3</load_address>
         <run_address>0x3f4cd3</run_address>
         <size>0x227</size>
         <input_file_ref idref="fl-5"/>
      </object_component>
      <object_component id="oc-165">
         <name>.text</name>
         <load_address>0x3f4efa</load_address>
         <run_address>0x3f4efa</run_address>
         <size>0x190</size>
         <input_file_ref idref="fl-14"/>
      </object_component>
      <object_component id="oc-149">
         <name>.text</name>
         <load_address>0x3f508a</load_address>
         <run_address>0x3f508a</run_address>
         <size>0x171</size>
         <input_file_ref idref="fl-36"/>
      </object_component>
      <object_component id="oc-58">
         <name>.text:retain</name>
         <load_address>0x3f51fb</load_address>
         <run_address>0x3f51fb</run_address>
         <size>0x155</size>
         <input_file_ref idref="fl-2"/>
      </object_component>
      <object_component id="oc-172">
         <name>.text</name>
         <load_address>0x3f5350</load_address>
         <run_address>0x3f5350</run_address>
         <size>0xd4</size>
         <input_file_ref idref="fl-c"/>
      </object_component>
      <object_component id="oc-157">
         <name>.text</name>
         <load_address>0x3f5424</load_address>
         <run_address>0x3f5424</run_address>
         <size>0xb7</size>
         <input_file_ref idref="fl-2"/>
      </object_component>
      <object_component id="oc-116">
         <name>.text</name>
         <load_address>0x3f54db</load_address>
         <run_address>0x3f54db</run_address>
         <size>0x88</size>
         <input_file_ref idref="fl-2c"/>
      </object_component>
      <object_component id="oc-176">
         <name>.text</name>
         <load_address>0x3f5563</load_address>
         <run_address>0x3f5563</run_address>
         <size>0x76</size>
         <input_file_ref idref="fl-a"/>
      </object_component>
      <object_component id="oc-15d">
         <name>.text</name>
         <load_address>0x3f55d9</load_address>
         <run_address>0x3f55d9</run_address>
         <size>0x66</size>
         <input_file_ref idref="fl-2a"/>
      </object_component>
      <object_component id="oc-15c">
         <name>.text</name>
         <load_address>0x3f563f</load_address>
         <run_address>0x3f563f</run_address>
         <size>0x63</size>
         <input_file_ref idref="fl-29"/>
      </object_component>
      <object_component id="oc-54">
         <name>.text</name>
         <load_address>0x3f56a2</load_address>
         <run_address>0x3f56a2</run_address>
         <size>0x56</size>
         <input_file_ref idref="fl-2b"/>
      </object_component>
      <object_component id="oc-16a">
         <name>.text</name>
         <load_address>0x3f56f8</load_address>
         <run_address>0x3f56f8</run_address>
         <size>0x50</size>
         <input_file_ref idref="fl-4"/>
      </object_component>
      <object_component id="oc-173">
         <name>.text</name>
         <load_address>0x3f5748</load_address>
         <run_address>0x3f5748</run_address>
         <size>0x44</size>
         <input_file_ref idref="fl-13"/>
      </object_component>
      <object_component id="oc-16d">
         <name>.text</name>
         <load_address>0x3f578c</load_address>
         <run_address>0x3f578c</run_address>
         <size>0x3a</size>
         <input_file_ref idref="fl-7"/>
      </object_component>
      <object_component id="oc-16b">
         <name>.text</name>
         <load_address>0x3f57c6</load_address>
         <run_address>0x3f57c6</run_address>
         <size>0x2a</size>
         <input_file_ref idref="fl-6"/>
      </object_component>
      <object_component id="oc-152">
         <name>.text</name>
         <load_address>0x3f57f0</load_address>
         <run_address>0x3f57f0</run_address>
         <size>0x29</size>
         <input_file_ref idref="fl-32"/>
      </object_component>
      <object_component id="oc-166">
         <name>.text</name>
         <load_address>0x3f5819</load_address>
         <run_address>0x3f5819</run_address>
         <size>0x28</size>
         <input_file_ref idref="fl-10"/>
      </object_component>
      <object_component id="oc-150">
         <name>.text</name>
         <load_address>0x3f5841</load_address>
         <run_address>0x3f5841</run_address>
         <size>0x1</size>
         <input_file_ref idref="fl-31"/>
      </object_component>
      <object_component id="oc-15b">
         <name>.text</name>
         <load_address>0x3f5842</load_address>
         <run_address>0x3f5842</run_address>
         <size>0x27</size>
         <input_file_ref idref="fl-28"/>
      </object_component>
      <object_component id="oc-167">
         <name>.text</name>
         <load_address>0x3f5869</load_address>
         <run_address>0x3f5869</run_address>
         <size>0x26</size>
         <input_file_ref idref="fl-11"/>
      </object_component>
      <object_component id="oc-14f">
         <name>.text</name>
         <load_address>0x3f588f</load_address>
         <run_address>0x3f588f</run_address>
         <size>0x24</size>
         <input_file_ref idref="fl-2e"/>
      </object_component>
      <object_component id="oc-11b">
         <name>.text</name>
         <load_address>0x3f58b3</load_address>
         <run_address>0x3f58b3</run_address>
         <size>0x22</size>
         <input_file_ref idref="fl-2d"/>
      </object_component>
      <object_component id="oc-15f">
         <name>.text</name>
         <load_address>0x3f58d5</load_address>
         <run_address>0x3f58d5</run_address>
         <size>0x1d</size>
         <input_file_ref idref="fl-2f"/>
      </object_component>
      <object_component id="oc-60">
         <name>.text:retain</name>
         <load_address>0x3f58f2</load_address>
         <run_address>0x3f58f2</run_address>
         <size>0x15</size>
         <input_file_ref idref="fl-3"/>
      </object_component>
      <object_component id="oc-151">
         <name>.text</name>
         <load_address>0x3f5907</load_address>
         <run_address>0x3f5907</run_address>
         <size>0x12</size>
         <input_file_ref idref="fl-34"/>
      </object_component>
      <object_component id="oc-16f">
         <name>.text</name>
         <load_address>0x3f5919</load_address>
         <run_address>0x3f5919</run_address>
         <size>0x9</size>
         <input_file_ref idref="fl-33"/>
      </object_component>
      <object_component id="oc-7e">
         <name>.text</name>
         <load_address>0x3f5922</load_address>
         <run_address>0x3f5922</run_address>
         <size>0x8</size>
         <input_file_ref idref="fl-9"/>
      </object_component>
      <object_component id="oc-14e">
         <name>.text</name>
         <load_address>0x3f592a</load_address>
         <run_address>0x3f592a</run_address>
         <size>0x2</size>
         <input_file_ref idref="fl-30"/>
      </object_component>
      <object_component id="oc-7f">
         <name>codestart</name>
         <load_address>0x3f7ff6</load_address>
         <run_address>0x3f7ff6</run_address>
         <size>0x2</size>
         <input_file_ref idref="fl-9"/>
      </object_component>
      <object_component id="oc-fb">
         <name>ramfuncs:retain</name>
         <load_address>0x3e8000</load_address>
         <run_address>0x8000</run_address>
         <size>0x2e0</size>
         <input_file_ref idref="fl-16"/>
      </object_component>
      <object_component id="oc-15e">
         <name>ramfuncs</name>
         <load_address>0x3e82e0</load_address>
         <run_address>0x82e0</run_address>
         <size>0xb9</size>
         <input_file_ref idref="fl-16"/>
      </object_component>
      <object_component id="oc-164">
         <name>ramfuncs</name>
         <load_address>0x3e8399</load_address>
         <run_address>0x8399</run_address>
         <size>0x1b</size>
         <input_file_ref idref="fl-14"/>
      </object_component>
      <object_component id="oc-f3">
         <name>ramfuncs</name>
         <load_address>0x3e83b4</load_address>
         <run_address>0x83b4</run_address>
         <size>0x4</size>
         <input_file_ref idref="fl-15"/>
      </object_component>
      <object_component id="oc-110">
         <name>.stack</name>
         <uninitialized>true</uninitialized>
         <run_address>0x50</run_address>
         <size>0x0</size>
         <input_file_ref idref="fl-2b"/>
      </object_component>
      <object_component id="oc-1d3">
         <name>.stack</name>
         <uninitialized>true</uninitialized>
         <run_address>0x50</run_address>
         <size>0x0</size>
      </object_component>
      <object_component id="oc-57">
         <name>.ebss</name>
         <uninitialized>true</uninitialized>
         <run_address>0xa586</run_address>
         <size>0x1c</size>
         <input_file_ref idref="fl-2"/>
      </object_component>
      <object_component id="oc-153">
         <name>.ebss:_Voltage1</name>
         <uninitialized>true</uninitialized>
         <run_address>0xa5a2</run_address>
         <size>0xa</size>
         <input_file_ref idref="fl-2"/>
      </object_component>
      <object_component id="oc-154">
         <name>.ebss:_Voltage2</name>
         <uninitialized>true</uninitialized>
         <run_address>0xa5ac</run_address>
         <size>0xa</size>
         <input_file_ref idref="fl-2"/>
      </object_component>
      <object_component id="oc-155">
         <name>.ebss:_Voltage3</name>
         <uninitialized>true</uninitialized>
         <run_address>0xa5b6</run_address>
         <size>0xa</size>
         <input_file_ref idref="fl-2"/>
      </object_component>
      <object_component id="oc-156">
         <name>.ebss:_Voltage4</name>
         <uninitialized>true</uninitialized>
         <run_address>0xa6ec</run_address>
         <size>0xa</size>
         <input_file_ref idref="fl-2"/>
      </object_component>
      <object_component id="oc-159">
         <name>.ebss:_grid_vol_graph</name>
         <uninitialized>true</uninitialized>
         <run_address>0xa700</run_address>
         <size>0xc8</size>
         <input_file_ref idref="fl-2"/>
      </object_component>
      <object_component id="oc-158">
         <name>.ebss:_rectifier_volt_graph</name>
         <uninitialized>true</uninitialized>
         <run_address>0xa5c0</run_address>
         <size>0x12c</size>
         <input_file_ref idref="fl-2"/>
      </object_component>
      <object_component id="oc-15a">
         <name>.ebss:_grid_current_graph</name>
         <uninitialized>true</uninitialized>
         <run_address>0xa000</run_address>
         <size>0x3e8</size>
         <input_file_ref idref="fl-2"/>
      </object_component>
      <object_component id="oc-5f">
         <name>.ebss</name>
         <uninitialized>true</uninitialized>
         <run_address>0xa7d2</run_address>
         <size>0x6</size>
         <input_file_ref idref="fl-3"/>
      </object_component>
      <object_component id="oc-85">
         <name>.ebss</name>
         <uninitialized>true</uninitialized>
         <run_address>0xa3e8</run_address>
         <size>0x18</size>
         <input_file_ref idref="fl-a"/>
      </object_component>
      <object_component id="oc-fa">
         <name>.ebss</name>
         <uninitialized>true</uninitialized>
         <run_address>0xa400</run_address>
         <size>0x186</size>
         <input_file_ref idref="fl-16"/>
      </object_component>
      <object_component id="oc-163">
         <name>.ebss:_buffer</name>
         <uninitialized>true</uninitialized>
         <run_address>0xa6f6</run_address>
         <size>0xa</size>
         <input_file_ref idref="fl-16"/>
      </object_component>
      <object_component id="oc-16e">
         <name>.ebss:_str</name>
         <uninitialized>true</uninitialized>
         <run_address>0xa7c8</run_address>
         <size>0xa</size>
         <input_file_ref idref="fl-16"/>
      </object_component>
      <object_component id="oc-136">
         <name>.ebss</name>
         <uninitialized>true</uninitialized>
         <run_address>0xa7d8</run_address>
         <size>0x6</size>
         <input_file_ref idref="fl-32"/>
      </object_component>
      <object_component id="oc-161">
         <name>.ebss:__lock</name>
         <uninitialized>true</uninitialized>
         <run_address>0xa7de</run_address>
         <size>0x2</size>
         <input_file_ref idref="fl-33"/>
      </object_component>
      <object_component id="oc-177">
         <name>.ebss:__unlock</name>
         <uninitialized>true</uninitialized>
         <run_address>0xa7e0</run_address>
         <size>0x2</size>
         <input_file_ref idref="fl-33"/>
      </object_component>
      <object_component id="oc-147">
         <name>.ebss</name>
         <uninitialized>true</uninitialized>
         <run_address>0xa7e2</run_address>
         <size>0x1</size>
         <input_file_ref idref="fl-35"/>
      </object_component>
      <object_component id="oc-174">
         <name>.econst:.string:_F8X16</name>
         <load_address>0x3f592c</load_address>
         <run_address>0x3f592c</run_address>
         <size>0x5f0</size>
         <input_file_ref idref="fl-5"/>
      </object_component>
      <object_component id="oc-175">
         <name>.econst:_asc2_0806</name>
         <load_address>0x3f5f1c</load_address>
         <run_address>0x3f5f1c</run_address>
         <size>0x228</size>
         <input_file_ref idref="fl-5"/>
      </object_component>
      <object_component id="oc-171">
         <name>.econst:_PieVectTableInit</name>
         <load_address>0x3f6144</load_address>
         <run_address>0x3f6144</run_address>
         <size>0x100</size>
         <input_file_ref idref="fl-11"/>
      </object_component>
      <object_component id="oc-fc">
         <name>.econst:.string</name>
         <load_address>0x3f6244</load_address>
         <run_address>0x3f6244</run_address>
         <size>0x57</size>
         <input_file_ref idref="fl-16"/>
      </object_component>
      <object_component id="oc-111">
         <name>.reset</name>
         <load_address>0x3fffc0</load_address>
         <run_address>0x3fffc0</run_address>
         <size>0x2</size>
         <input_file_ref idref="fl-2b"/>
      </object_component>
      <object_component id="oc-cd">
         <name>PieVectTableFile</name>
         <uninitialized>true</uninitialized>
         <run_address>0xd00</run_address>
         <size>0x100</size>
         <input_file_ref idref="fl-d"/>
      </object_component>
      <object_component id="oc-97">
         <name>EmuKeyVar</name>
         <uninitialized>true</uninitialized>
         <run_address>0xd00</run_address>
         <size>0x1</size>
         <input_file_ref idref="fl-d"/>
      </object_component>
      <object_component id="oc-98">
         <name>EmuBModeVar</name>
         <uninitialized>true</uninitialized>
         <run_address>0xd01</run_address>
         <size>0x1</size>
         <input_file_ref idref="fl-d"/>
      </object_component>
      <object_component id="oc-9a">
         <name>FlashCallbackVar</name>
         <uninitialized>true</uninitialized>
         <run_address>0xd02</run_address>
         <size>0x2</size>
         <input_file_ref idref="fl-d"/>
      </object_component>
      <object_component id="oc-99">
         <name>FlashScalingVar</name>
         <uninitialized>true</uninitialized>
         <run_address>0xd04</run_address>
         <size>0x2</size>
         <input_file_ref idref="fl-d"/>
      </object_component>
      <object_component id="oc-9c">
         <name>DevEmuRegsFile</name>
         <uninitialized>true</uninitialized>
         <run_address>0x880</run_address>
         <size>0x4</size>
         <input_file_ref idref="fl-d"/>
      </object_component>
      <object_component id="oc-9b">
         <name>SysPwrCtrlRegsFile</name>
         <uninitialized>true</uninitialized>
         <run_address>0x985</run_address>
         <size>0x3</size>
         <input_file_ref idref="fl-d"/>
      </object_component>
      <object_component id="oc-a1">
         <name>FlashRegsFile</name>
         <uninitialized>true</uninitialized>
         <run_address>0xa80</run_address>
         <size>0x8</size>
         <input_file_ref idref="fl-d"/>
      </object_component>
      <object_component id="oc-a3">
         <name>CsmRegsFile</name>
         <uninitialized>true</uninitialized>
         <run_address>0xae0</run_address>
         <size>0x10</size>
         <input_file_ref idref="fl-d"/>
      </object_component>
      <object_component id="oc-a2">
         <name>AdcResultFile</name>
         <uninitialized>true</uninitialized>
         <run_address>0xb00</run_address>
         <size>0x10</size>
         <input_file_ref idref="fl-d"/>
      </object_component>
      <object_component id="oc-9d">
         <name>CpuTimer0RegsFile</name>
         <uninitialized>true</uninitialized>
         <run_address>0xc00</run_address>
         <size>0x8</size>
         <input_file_ref idref="fl-d"/>
      </object_component>
      <object_component id="oc-9e">
         <name>CpuTimer1RegsFile</name>
         <uninitialized>true</uninitialized>
         <run_address>0xc08</run_address>
         <size>0x8</size>
         <input_file_ref idref="fl-d"/>
      </object_component>
      <object_component id="oc-9f">
         <name>CpuTimer2RegsFile</name>
         <uninitialized>true</uninitialized>
         <run_address>0xc10</run_address>
         <size>0x8</size>
         <input_file_ref idref="fl-d"/>
      </object_component>
      <object_component id="oc-ad">
         <name>PieCtrlRegsFile</name>
         <uninitialized>true</uninitialized>
         <run_address>0xce0</run_address>
         <size>0x1a</size>
         <input_file_ref idref="fl-d"/>
      </object_component>
      <object_component id="oc-bd">
         <name>Cla1RegsFile</name>
         <uninitialized>true</uninitialized>
         <run_address>0x1400</run_address>
         <size>0x40</size>
         <input_file_ref idref="fl-d"/>
      </object_component>
      <object_component id="oc-cb">
         <name>DmaRegsFile</name>
         <uninitialized>true</uninitialized>
         <run_address>0x1000</run_address>
         <size>0xe0</size>
         <input_file_ref idref="fl-d"/>
      </object_component>
      <object_component id="oc-bc">
         <name>ECanaRegsFile</name>
         <uninitialized>true</uninitialized>
         <run_address>0x6000</run_address>
         <size>0x34</size>
         <input_file_ref idref="fl-d"/>
      </object_component>
      <object_component id="oc-be">
         <name>ECanaLAMRegsFile</name>
         <uninitialized>true</uninitialized>
         <run_address>0x6040</run_address>
         <size>0x40</size>
         <input_file_ref idref="fl-d"/>
      </object_component>
      <object_component id="oc-cc">
         <name>ECanaMboxesFile</name>
         <uninitialized>true</uninitialized>
         <run_address>0x6100</run_address>
         <size>0x100</size>
         <input_file_ref idref="fl-d"/>
      </object_component>
      <object_component id="oc-bf">
         <name>ECanaMOTSRegsFile</name>
         <uninitialized>true</uninitialized>
         <run_address>0x6080</run_address>
         <size>0x40</size>
         <input_file_ref idref="fl-d"/>
      </object_component>
      <object_component id="oc-c0">
         <name>ECanaMOTORegsFile</name>
         <uninitialized>true</uninitialized>
         <run_address>0x60c0</run_address>
         <size>0x40</size>
         <input_file_ref idref="fl-d"/>
      </object_component>
      <object_component id="oc-ae">
         <name>ECap1RegsFile</name>
         <uninitialized>true</uninitialized>
         <run_address>0x6a00</run_address>
         <size>0x20</size>
         <input_file_ref idref="fl-d"/>
      </object_component>
      <object_component id="oc-af">
         <name>ECap2RegsFile</name>
         <uninitialized>true</uninitialized>
         <run_address>0x6a20</run_address>
         <size>0x20</size>
         <input_file_ref idref="fl-d"/>
      </object_component>
      <object_component id="oc-b0">
         <name>ECap3RegsFile</name>
         <uninitialized>true</uninitialized>
         <run_address>0x6a40</run_address>
         <size>0x20</size>
         <input_file_ref idref="fl-d"/>
      </object_component>
      <object_component id="oc-b7">
         <name>EQep1RegsFile</name>
         <uninitialized>true</uninitialized>
         <run_address>0x6b00</run_address>
         <size>0x22</size>
         <input_file_ref idref="fl-d"/>
      </object_component>
      <object_component id="oc-b8">
         <name>EQep2RegsFile</name>
         <uninitialized>true</uninitialized>
         <run_address>0x6b40</run_address>
         <size>0x22</size>
         <input_file_ref idref="fl-d"/>
      </object_component>
      <object_component id="oc-c9">
         <name>GpioCtrlRegsFile</name>
         <uninitialized>true</uninitialized>
         <run_address>0x6f80</run_address>
         <size>0x40</size>
         <input_file_ref idref="fl-d"/>
      </object_component>
      <object_component id="oc-b1">
         <name>GpioDataRegsFile</name>
         <uninitialized>true</uninitialized>
         <run_address>0x6fc0</run_address>
         <size>0x20</size>
         <input_file_ref idref="fl-d"/>
      </object_component>
      <object_component id="oc-b2">
         <name>GpioIntRegsFile</name>
         <uninitialized>true</uninitialized>
         <run_address>0x6fe0</run_address>
         <size>0x20</size>
         <input_file_ref idref="fl-d"/>
      </object_component>
      <object_component id="oc-b3">
         <name>HRCap1RegsFile</name>
         <uninitialized>true</uninitialized>
         <run_address>0x6ac0</run_address>
         <size>0x20</size>
         <input_file_ref idref="fl-d"/>
      </object_component>
      <object_component id="oc-b4">
         <name>HRCap2RegsFile</name>
         <uninitialized>true</uninitialized>
         <run_address>0x6ae0</run_address>
         <size>0x20</size>
         <input_file_ref idref="fl-d"/>
      </object_component>
      <object_component id="oc-b5">
         <name>HRCap3RegsFile</name>
         <uninitialized>true</uninitialized>
         <run_address>0x6c80</run_address>
         <size>0x20</size>
         <input_file_ref idref="fl-d"/>
      </object_component>
      <object_component id="oc-b6">
         <name>HRCap4RegsFile</name>
         <uninitialized>true</uninitialized>
         <run_address>0x6ca0</run_address>
         <size>0x20</size>
         <input_file_ref idref="fl-d"/>
      </object_component>
      <object_component id="oc-bb">
         <name>SysCtrlRegsFile</name>
         <uninitialized>true</uninitialized>
         <run_address>0x7010</run_address>
         <size>0x30</size>
         <input_file_ref idref="fl-d"/>
      </object_component>
      <object_component id="oc-a7">
         <name>SpiaRegsFile</name>
         <uninitialized>true</uninitialized>
         <run_address>0x7040</run_address>
         <size>0x10</size>
         <input_file_ref idref="fl-d"/>
      </object_component>
      <object_component id="oc-a8">
         <name>SpibRegsFile</name>
         <uninitialized>true</uninitialized>
         <run_address>0x7740</run_address>
         <size>0x10</size>
         <input_file_ref idref="fl-d"/>
      </object_component>
      <object_component id="oc-a5">
         <name>SciaRegsFile</name>
         <uninitialized>true</uninitialized>
         <run_address>0x7050</run_address>
         <size>0x10</size>
         <input_file_ref idref="fl-d"/>
      </object_component>
      <object_component id="oc-a6">
         <name>ScibRegsFile</name>
         <uninitialized>true</uninitialized>
         <run_address>0x7750</run_address>
         <size>0x10</size>
         <input_file_ref idref="fl-d"/>
      </object_component>
      <object_component id="oc-a4">
         <name>NmiIntruptRegsFile</name>
         <uninitialized>true</uninitialized>
         <run_address>0x7060</run_address>
         <size>0x10</size>
         <input_file_ref idref="fl-d"/>
      </object_component>
      <object_component id="oc-a9">
         <name>XIntruptRegsFile</name>
         <uninitialized>true</uninitialized>
         <run_address>0x7070</run_address>
         <size>0x10</size>
         <input_file_ref idref="fl-d"/>
      </object_component>
      <object_component id="oc-ca">
         <name>AdcRegsFile</name>
         <uninitialized>true</uninitialized>
         <run_address>0x7100</run_address>
         <size>0x50</size>
         <input_file_ref idref="fl-d"/>
      </object_component>
      <object_component id="oc-b9">
         <name>I2caRegsFile</name>
         <uninitialized>true</uninitialized>
         <run_address>0x7900</run_address>
         <size>0x22</size>
         <input_file_ref idref="fl-d"/>
      </object_component>
      <object_component id="oc-aa">
         <name>Comp1RegsFile</name>
         <uninitialized>true</uninitialized>
         <run_address>0x6400</run_address>
         <size>0x14</size>
         <input_file_ref idref="fl-d"/>
      </object_component>
      <object_component id="oc-ab">
         <name>Comp2RegsFile</name>
         <uninitialized>true</uninitialized>
         <run_address>0x6420</run_address>
         <size>0x14</size>
         <input_file_ref idref="fl-d"/>
      </object_component>
      <object_component id="oc-ac">
         <name>Comp3RegsFile</name>
         <uninitialized>true</uninitialized>
         <run_address>0x6440</run_address>
         <size>0x14</size>
         <input_file_ref idref="fl-d"/>
      </object_component>
      <object_component id="oc-c1">
         <name>EPwm1RegsFile</name>
         <uninitialized>true</uninitialized>
         <run_address>0x6800</run_address>
         <size>0x40</size>
         <input_file_ref idref="fl-d"/>
      </object_component>
      <object_component id="oc-c2">
         <name>EPwm2RegsFile</name>
         <uninitialized>true</uninitialized>
         <run_address>0x6840</run_address>
         <size>0x40</size>
         <input_file_ref idref="fl-d"/>
      </object_component>
      <object_component id="oc-c3">
         <name>EPwm3RegsFile</name>
         <uninitialized>true</uninitialized>
         <run_address>0x6880</run_address>
         <size>0x40</size>
         <input_file_ref idref="fl-d"/>
      </object_component>
      <object_component id="oc-c4">
         <name>EPwm4RegsFile</name>
         <uninitialized>true</uninitialized>
         <run_address>0x68c0</run_address>
         <size>0x40</size>
         <input_file_ref idref="fl-d"/>
      </object_component>
      <object_component id="oc-c5">
         <name>EPwm5RegsFile</name>
         <uninitialized>true</uninitialized>
         <run_address>0x6900</run_address>
         <size>0x40</size>
         <input_file_ref idref="fl-d"/>
      </object_component>
      <object_component id="oc-c6">
         <name>EPwm6RegsFile</name>
         <uninitialized>true</uninitialized>
         <run_address>0x6940</run_address>
         <size>0x40</size>
         <input_file_ref idref="fl-d"/>
      </object_component>
      <object_component id="oc-c7">
         <name>EPwm7RegsFile</name>
         <uninitialized>true</uninitialized>
         <run_address>0x6980</run_address>
         <size>0x40</size>
         <input_file_ref idref="fl-d"/>
      </object_component>
      <object_component id="oc-c8">
         <name>EPwm8RegsFile</name>
         <uninitialized>true</uninitialized>
         <run_address>0x69c0</run_address>
         <size>0x40</size>
         <input_file_ref idref="fl-d"/>
      </object_component>
      <object_component id="oc-ba">
         <name>McbspaRegsFile</name>
         <uninitialized>true</uninitialized>
         <run_address>0x5000</run_address>
         <size>0x24</size>
         <input_file_ref idref="fl-d"/>
      </object_component>
      <object_component id="oc-ce">
         <name>Usb0RegsFile</name>
         <uninitialized>true</uninitialized>
         <run_address>0x4000</run_address>
         <size>0x454</size>
         <input_file_ref idref="fl-d"/>
      </object_component>
      <object_component id="oc-a0">
         <name>CsmPwlFile</name>
         <uninitialized>true</uninitialized>
         <run_address>0x3f7ff8</run_address>
         <size>0x8</size>
         <input_file_ref idref="fl-d"/>
      </object_component>
      <object_component id="oc-96">
         <name>PartIdRegsFile</name>
         <uninitialized>true</uninitialized>
         <run_address>0x3d7e80</run_address>
         <size>0x1</size>
         <input_file_ref idref="fl-d"/>
      </object_component>
      <object_component id="oc-55">
         <name>.debug_info</name>
         <load_address>0x0</load_address>
         <run_address>0x0</run_address>
         <size>0x4c96</size>
         <input_file_ref idref="fl-2"/>
      </object_component>
      <object_component id="oc-5d">
         <name>.debug_info</name>
         <load_address>0x4c96</load_address>
         <run_address>0x4c96</run_address>
         <size>0x4681</size>
         <input_file_ref idref="fl-3"/>
      </object_component>
      <object_component id="oc-65">
         <name>.debug_info</name>
         <load_address>0x9317</load_address>
         <run_address>0x9317</run_address>
         <size>0x1ad4</size>
         <input_file_ref idref="fl-4"/>
      </object_component>
      <object_component id="oc-6a">
         <name>.debug_info</name>
         <load_address>0xadeb</load_address>
         <run_address>0xadeb</run_address>
         <size>0x27af</size>
         <input_file_ref idref="fl-5"/>
      </object_component>
      <object_component id="oc-6f">
         <name>.debug_info</name>
         <load_address>0xd59a</load_address>
         <run_address>0xd59a</run_address>
         <size>0x221e</size>
         <input_file_ref idref="fl-6"/>
      </object_component>
      <object_component id="oc-74">
         <name>.debug_info</name>
         <load_address>0xf7b8</load_address>
         <run_address>0xf7b8</run_address>
         <size>0x3354</size>
         <input_file_ref idref="fl-7"/>
      </object_component>
      <object_component id="oc-79">
         <name>.debug_info</name>
         <load_address>0x12b0c</load_address>
         <run_address>0x12b0c</run_address>
         <size>0x4ce8</size>
         <input_file_ref idref="fl-8"/>
      </object_component>
      <object_component id="oc-81">
         <name>.debug_info</name>
         <load_address>0x177f4</load_address>
         <run_address>0x177f4</run_address>
         <size>0x15c</size>
         <input_file_ref idref="fl-9"/>
      </object_component>
      <object_component id="oc-84">
         <name>.debug_info</name>
         <load_address>0x17950</load_address>
         <run_address>0x17950</run_address>
         <size>0x9e5</size>
         <input_file_ref idref="fl-a"/>
      </object_component>
      <object_component id="oc-8a">
         <name>.debug_info</name>
         <load_address>0x18335</load_address>
         <run_address>0x18335</run_address>
         <size>0x2ff0</size>
         <input_file_ref idref="fl-b"/>
      </object_component>
      <object_component id="oc-90">
         <name>.debug_info</name>
         <load_address>0x1b325</load_address>
         <run_address>0x1b325</run_address>
         <size>0x1efc</size>
         <input_file_ref idref="fl-c"/>
      </object_component>
      <object_component id="oc-95">
         <name>.debug_info</name>
         <load_address>0x1d221</load_address>
         <run_address>0x1d221</run_address>
         <size>0x1b04b</size>
         <input_file_ref idref="fl-d"/>
      </object_component>
      <object_component id="oc-d0">
         <name>.debug_info</name>
         <load_address>0x3826c</load_address>
         <run_address>0x3826c</run_address>
         <size>0x1893</size>
         <input_file_ref idref="fl-e"/>
      </object_component>
      <object_component id="oc-d5">
         <name>.debug_info</name>
         <load_address>0x39aff</load_address>
         <run_address>0x39aff</run_address>
         <size>0x1892</size>
         <input_file_ref idref="fl-f"/>
      </object_component>
      <object_component id="oc-da">
         <name>.debug_info</name>
         <load_address>0x3b391</load_address>
         <run_address>0x3b391</run_address>
         <size>0xb7f</size>
         <input_file_ref idref="fl-10"/>
      </object_component>
      <object_component id="oc-df">
         <name>.debug_info</name>
         <load_address>0x3bf10</load_address>
         <run_address>0x3bf10</run_address>
         <size>0x249e</size>
         <input_file_ref idref="fl-11"/>
      </object_component>
      <object_component id="oc-e4">
         <name>.debug_info</name>
         <load_address>0x3e3ae</load_address>
         <run_address>0x3e3ae</run_address>
         <size>0x1892</size>
         <input_file_ref idref="fl-12"/>
      </object_component>
      <object_component id="oc-e9">
         <name>.debug_info</name>
         <load_address>0x3fc40</load_address>
         <run_address>0x3fc40</run_address>
         <size>0x1a8a</size>
         <input_file_ref idref="fl-13"/>
      </object_component>
      <object_component id="oc-ee">
         <name>.debug_info</name>
         <load_address>0x416ca</load_address>
         <run_address>0x416ca</run_address>
         <size>0x2aa3</size>
         <input_file_ref idref="fl-14"/>
      </object_component>
      <object_component id="oc-f5">
         <name>.debug_info</name>
         <load_address>0x4416d</load_address>
         <run_address>0x4416d</run_address>
         <size>0x116</size>
         <input_file_ref idref="fl-15"/>
      </object_component>
      <object_component id="oc-f8">
         <name>.debug_info</name>
         <load_address>0x44283</load_address>
         <run_address>0x44283</run_address>
         <size>0x6b64</size>
         <input_file_ref idref="fl-16"/>
      </object_component>
      <object_component id="oc-101">
         <name>.debug_info</name>
         <load_address>0x4ade7</load_address>
         <run_address>0x4ade7</run_address>
         <size>0x3dd</size>
         <input_file_ref idref="fl-28"/>
      </object_component>
      <object_component id="oc-106">
         <name>.debug_info</name>
         <load_address>0x4b1c4</load_address>
         <run_address>0x4b1c4</run_address>
         <size>0x3d1</size>
         <input_file_ref idref="fl-29"/>
      </object_component>
      <object_component id="oc-10b">
         <name>.debug_info</name>
         <load_address>0x4b595</load_address>
         <run_address>0x4b595</run_address>
         <size>0x3e3</size>
         <input_file_ref idref="fl-2a"/>
      </object_component>
      <object_component id="oc-112">
         <name>.debug_info</name>
         <load_address>0x4b978</load_address>
         <run_address>0x4b978</run_address>
         <size>0x173</size>
         <input_file_ref idref="fl-2b"/>
      </object_component>
      <object_component id="oc-117">
         <name>.debug_info</name>
         <load_address>0x4baeb</load_address>
         <run_address>0x4baeb</run_address>
         <size>0x114</size>
         <input_file_ref idref="fl-2c"/>
      </object_component>
      <object_component id="oc-11c">
         <name>.debug_info</name>
         <load_address>0x4bbff</load_address>
         <run_address>0x4bbff</run_address>
         <size>0x141</size>
         <input_file_ref idref="fl-2d"/>
      </object_component>
      <object_component id="oc-120">
         <name>.debug_info</name>
         <load_address>0x4bd40</load_address>
         <run_address>0x4bd40</run_address>
         <size>0x563</size>
         <input_file_ref idref="fl-2e"/>
      </object_component>
      <object_component id="oc-125">
         <name>.debug_info</name>
         <load_address>0x4c2a3</load_address>
         <run_address>0x4c2a3</run_address>
         <size>0x43c</size>
         <input_file_ref idref="fl-2f"/>
      </object_component>
      <object_component id="oc-12a">
         <name>.debug_info</name>
         <load_address>0x4c6df</load_address>
         <run_address>0x4c6df</run_address>
         <size>0x3af</size>
         <input_file_ref idref="fl-30"/>
      </object_component>
      <object_component id="oc-12f">
         <name>.debug_info</name>
         <load_address>0x4ca8e</load_address>
         <run_address>0x4ca8e</run_address>
         <size>0x3ac</size>
         <input_file_ref idref="fl-31"/>
      </object_component>
      <object_component id="oc-134">
         <name>.debug_info</name>
         <load_address>0x4ce3a</load_address>
         <run_address>0x4ce3a</run_address>
         <size>0x546</size>
         <input_file_ref idref="fl-32"/>
      </object_component>
      <object_component id="oc-13b">
         <name>.debug_info</name>
         <load_address>0x4d380</load_address>
         <run_address>0x4d380</run_address>
         <size>0x4ce</size>
         <input_file_ref idref="fl-33"/>
      </object_component>
      <object_component id="oc-140">
         <name>.debug_info</name>
         <load_address>0x4d84e</load_address>
         <run_address>0x4d84e</run_address>
         <size>0x469</size>
         <input_file_ref idref="fl-34"/>
      </object_component>
      <object_component id="oc-145">
         <name>.debug_info</name>
         <load_address>0x4dcb7</load_address>
         <run_address>0x4dcb7</run_address>
         <size>0x1c8</size>
         <input_file_ref idref="fl-35"/>
      </object_component>
      <object_component id="oc-14a">
         <name>.debug_info</name>
         <load_address>0x4de7f</load_address>
         <run_address>0x4de7f</run_address>
         <size>0x948</size>
         <input_file_ref idref="fl-36"/>
      </object_component>
      <object_component id="oc-1d4">
         <name>.debug_info</name>
         <load_address>0x4e7c7</load_address>
         <run_address>0x4e7c7</run_address>
         <size>0xb0</size>
      </object_component>
      <object_component id="oc-59">
         <name>.debug_frame</name>
         <load_address>0x0</load_address>
         <run_address>0x0</run_address>
         <size>0x100</size>
         <input_file_ref idref="fl-2"/>
      </object_component>
      <object_component id="oc-61">
         <name>.debug_frame</name>
         <load_address>0x100</load_address>
         <run_address>0x100</run_address>
         <size>0x130</size>
         <input_file_ref idref="fl-3"/>
      </object_component>
      <object_component id="oc-66">
         <name>.debug_frame</name>
         <load_address>0x230</load_address>
         <run_address>0x230</run_address>
         <size>0x58</size>
         <input_file_ref idref="fl-4"/>
      </object_component>
      <object_component id="oc-6b">
         <name>.debug_frame</name>
         <load_address>0x288</load_address>
         <run_address>0x288</run_address>
         <size>0x168</size>
         <input_file_ref idref="fl-5"/>
      </object_component>
      <object_component id="oc-70">
         <name>.debug_frame</name>
         <load_address>0x3f0</load_address>
         <run_address>0x3f0</run_address>
         <size>0x78</size>
         <input_file_ref idref="fl-6"/>
      </object_component>
      <object_component id="oc-75">
         <name>.debug_frame</name>
         <load_address>0x468</load_address>
         <run_address>0x468</run_address>
         <size>0x44</size>
         <input_file_ref idref="fl-7"/>
      </object_component>
      <object_component id="oc-7a">
         <name>.debug_frame</name>
         <load_address>0x4ac</load_address>
         <run_address>0x4ac</run_address>
         <size>0xb0</size>
         <input_file_ref idref="fl-8"/>
      </object_component>
      <object_component id="oc-86">
         <name>.debug_frame</name>
         <load_address>0x55c</load_address>
         <run_address>0x55c</run_address>
         <size>0x5c</size>
         <input_file_ref idref="fl-a"/>
      </object_component>
      <object_component id="oc-8c">
         <name>.debug_frame</name>
         <load_address>0x5b8</load_address>
         <run_address>0x5b8</run_address>
         <size>0xbb0</size>
         <input_file_ref idref="fl-b"/>
      </object_component>
      <object_component id="oc-91">
         <name>.debug_frame</name>
         <load_address>0x1168</load_address>
         <run_address>0x1168</run_address>
         <size>0x148</size>
         <input_file_ref idref="fl-c"/>
      </object_component>
      <object_component id="oc-d1">
         <name>.debug_frame</name>
         <load_address>0x12b0</load_address>
         <run_address>0x12b0</run_address>
         <size>0x28</size>
         <input_file_ref idref="fl-e"/>
      </object_component>
      <object_component id="oc-d6">
         <name>.debug_frame</name>
         <load_address>0x12d8</load_address>
         <run_address>0x12d8</run_address>
         <size>0x28</size>
         <input_file_ref idref="fl-f"/>
      </object_component>
      <object_component id="oc-db">
         <name>.debug_frame</name>
         <load_address>0x1300</load_address>
         <run_address>0x1300</run_address>
         <size>0x58</size>
         <input_file_ref idref="fl-10"/>
      </object_component>
      <object_component id="oc-e0">
         <name>.debug_frame</name>
         <load_address>0x1358</load_address>
         <run_address>0x1358</run_address>
         <size>0x44</size>
         <input_file_ref idref="fl-11"/>
      </object_component>
      <object_component id="oc-e5">
         <name>.debug_frame</name>
         <load_address>0x139c</load_address>
         <run_address>0x139c</run_address>
         <size>0x28</size>
         <input_file_ref idref="fl-12"/>
      </object_component>
      <object_component id="oc-ea">
         <name>.debug_frame</name>
         <load_address>0x13c4</load_address>
         <run_address>0x13c4</run_address>
         <size>0x88</size>
         <input_file_ref idref="fl-13"/>
      </object_component>
      <object_component id="oc-ef">
         <name>.debug_frame</name>
         <load_address>0x144c</load_address>
         <run_address>0x144c</run_address>
         <size>0x154</size>
         <input_file_ref idref="fl-14"/>
      </object_component>
      <object_component id="oc-fd">
         <name>.debug_frame</name>
         <load_address>0x15a0</load_address>
         <run_address>0x15a0</run_address>
         <size>0x1a8</size>
         <input_file_ref idref="fl-16"/>
      </object_component>
      <object_component id="oc-102">
         <name>.debug_frame</name>
         <load_address>0x1748</load_address>
         <run_address>0x1748</run_address>
         <size>0x44</size>
         <input_file_ref idref="fl-28"/>
      </object_component>
      <object_component id="oc-107">
         <name>.debug_frame</name>
         <load_address>0x178c</load_address>
         <run_address>0x178c</run_address>
         <size>0x44</size>
         <input_file_ref idref="fl-29"/>
      </object_component>
      <object_component id="oc-10c">
         <name>.debug_frame</name>
         <load_address>0x17d0</load_address>
         <run_address>0x17d0</run_address>
         <size>0x64</size>
         <input_file_ref idref="fl-2a"/>
      </object_component>
      <object_component id="oc-121">
         <name>.debug_frame</name>
         <load_address>0x1834</load_address>
         <run_address>0x1834</run_address>
         <size>0x60</size>
         <input_file_ref idref="fl-2e"/>
      </object_component>
      <object_component id="oc-126">
         <name>.debug_frame</name>
         <load_address>0x1894</load_address>
         <run_address>0x1894</run_address>
         <size>0x40</size>
         <input_file_ref idref="fl-2f"/>
      </object_component>
      <object_component id="oc-12b">
         <name>.debug_frame</name>
         <load_address>0x18d4</load_address>
         <run_address>0x18d4</run_address>
         <size>0x40</size>
         <input_file_ref idref="fl-30"/>
      </object_component>
      <object_component id="oc-130">
         <name>.debug_frame</name>
         <load_address>0x1914</load_address>
         <run_address>0x1914</run_address>
         <size>0x40</size>
         <input_file_ref idref="fl-31"/>
      </object_component>
      <object_component id="oc-137">
         <name>.debug_frame</name>
         <load_address>0x1954</load_address>
         <run_address>0x1954</run_address>
         <size>0x60</size>
         <input_file_ref idref="fl-32"/>
      </object_component>
      <object_component id="oc-13c">
         <name>.debug_frame</name>
         <load_address>0x19b4</load_address>
         <run_address>0x19b4</run_address>
         <size>0x70</size>
         <input_file_ref idref="fl-33"/>
      </object_component>
      <object_component id="oc-141">
         <name>.debug_frame</name>
         <load_address>0x1a24</load_address>
         <run_address>0x1a24</run_address>
         <size>0x40</size>
         <input_file_ref idref="fl-34"/>
      </object_component>
      <object_component id="oc-14b">
         <name>.debug_frame</name>
         <load_address>0x1a64</load_address>
         <run_address>0x1a64</run_address>
         <size>0xfa</size>
         <input_file_ref idref="fl-36"/>
      </object_component>
      <object_component id="oc-5a">
         <name>.debug_line</name>
         <load_address>0x0</load_address>
         <run_address>0x0</run_address>
         <size>0xe8</size>
         <input_file_ref idref="fl-2"/>
      </object_component>
      <object_component id="oc-62">
         <name>.debug_line</name>
         <load_address>0xe8</load_address>
         <run_address>0xe8</run_address>
         <size>0x232</size>
         <input_file_ref idref="fl-3"/>
      </object_component>
      <object_component id="oc-67">
         <name>.debug_line</name>
         <load_address>0x31a</load_address>
         <run_address>0x31a</run_address>
         <size>0x9d</size>
         <input_file_ref idref="fl-4"/>
      </object_component>
      <object_component id="oc-6c">
         <name>.debug_line</name>
         <load_address>0x3b7</load_address>
         <run_address>0x3b7</run_address>
         <size>0x261</size>
         <input_file_ref idref="fl-5"/>
      </object_component>
      <object_component id="oc-71">
         <name>.debug_line</name>
         <load_address>0x618</load_address>
         <run_address>0x618</run_address>
         <size>0x7f</size>
         <input_file_ref idref="fl-6"/>
      </object_component>
      <object_component id="oc-76">
         <name>.debug_line</name>
         <load_address>0x697</load_address>
         <run_address>0x697</run_address>
         <size>0x5d</size>
         <input_file_ref idref="fl-7"/>
      </object_component>
      <object_component id="oc-7b">
         <name>.debug_line</name>
         <load_address>0x6f4</load_address>
         <run_address>0x6f4</run_address>
         <size>0x20d</size>
         <input_file_ref idref="fl-8"/>
      </object_component>
      <object_component id="oc-80">
         <name>.debug_line</name>
         <load_address>0x901</load_address>
         <run_address>0x901</run_address>
         <size>0x76</size>
         <input_file_ref idref="fl-9"/>
      </object_component>
      <object_component id="oc-87">
         <name>.debug_line</name>
         <load_address>0x977</load_address>
         <run_address>0x977</run_address>
         <size>0xa0</size>
         <input_file_ref idref="fl-a"/>
      </object_component>
      <object_component id="oc-8d">
         <name>.debug_line</name>
         <load_address>0xa17</load_address>
         <run_address>0xa17</run_address>
         <size>0x889</size>
         <input_file_ref idref="fl-b"/>
      </object_component>
      <object_component id="oc-92">
         <name>.debug_line</name>
         <load_address>0x12a0</load_address>
         <run_address>0x12a0</run_address>
         <size>0x1a7</size>
         <input_file_ref idref="fl-c"/>
      </object_component>
      <object_component id="oc-d2">
         <name>.debug_line</name>
         <load_address>0x1447</load_address>
         <run_address>0x1447</run_address>
         <size>0x42</size>
         <input_file_ref idref="fl-e"/>
      </object_component>
      <object_component id="oc-d7">
         <name>.debug_line</name>
         <load_address>0x1489</load_address>
         <run_address>0x1489</run_address>
         <size>0x41</size>
         <input_file_ref idref="fl-f"/>
      </object_component>
      <object_component id="oc-dc">
         <name>.debug_line</name>
         <load_address>0x14ca</load_address>
         <run_address>0x14ca</run_address>
         <size>0x97</size>
         <input_file_ref idref="fl-10"/>
      </object_component>
      <object_component id="oc-e1">
         <name>.debug_line</name>
         <load_address>0x1561</load_address>
         <run_address>0x1561</run_address>
         <size>0x79</size>
         <input_file_ref idref="fl-11"/>
      </object_component>
      <object_component id="oc-e6">
         <name>.debug_line</name>
         <load_address>0x15da</load_address>
         <run_address>0x15da</run_address>
         <size>0x41</size>
         <input_file_ref idref="fl-12"/>
      </object_component>
      <object_component id="oc-eb">
         <name>.debug_line</name>
         <load_address>0x161b</load_address>
         <run_address>0x161b</run_address>
         <size>0xbd</size>
         <input_file_ref idref="fl-13"/>
      </object_component>
      <object_component id="oc-f0">
         <name>.debug_line</name>
         <load_address>0x16d8</load_address>
         <run_address>0x16d8</run_address>
         <size>0x228</size>
         <input_file_ref idref="fl-14"/>
      </object_component>
      <object_component id="oc-f4">
         <name>.debug_line</name>
         <load_address>0x1900</load_address>
         <run_address>0x1900</run_address>
         <size>0x5a</size>
         <input_file_ref idref="fl-15"/>
      </object_component>
      <object_component id="oc-fe">
         <name>.debug_line</name>
         <load_address>0x195a</load_address>
         <run_address>0x195a</run_address>
         <size>0x3bc</size>
         <input_file_ref idref="fl-16"/>
      </object_component>
      <object_component id="oc-103">
         <name>.debug_line</name>
         <load_address>0x1d16</load_address>
         <run_address>0x1d16</run_address>
         <size>0x57</size>
         <input_file_ref idref="fl-28"/>
      </object_component>
      <object_component id="oc-108">
         <name>.debug_line</name>
         <load_address>0x1d6d</load_address>
         <run_address>0x1d6d</run_address>
         <size>0x50</size>
         <input_file_ref idref="fl-29"/>
      </object_component>
      <object_component id="oc-10d">
         <name>.debug_line</name>
         <load_address>0x1dbd</load_address>
         <run_address>0x1dbd</run_address>
         <size>0x60</size>
         <input_file_ref idref="fl-2a"/>
      </object_component>
      <object_component id="oc-113">
         <name>.debug_line</name>
         <load_address>0x1e1d</load_address>
         <run_address>0x1e1d</run_address>
         <size>0x7e</size>
         <input_file_ref idref="fl-2b"/>
      </object_component>
      <object_component id="oc-118">
         <name>.debug_line</name>
         <load_address>0x1e9b</load_address>
         <run_address>0x1e9b</run_address>
         <size>0xad</size>
         <input_file_ref idref="fl-2c"/>
      </object_component>
      <object_component id="oc-11d">
         <name>.debug_line</name>
         <load_address>0x1f48</load_address>
         <run_address>0x1f48</run_address>
         <size>0x69</size>
         <input_file_ref idref="fl-2d"/>
      </object_component>
      <object_component id="oc-122">
         <name>.debug_line</name>
         <load_address>0x1fb1</load_address>
         <run_address>0x1fb1</run_address>
         <size>0x50</size>
         <input_file_ref idref="fl-2e"/>
      </object_component>
      <object_component id="oc-127">
         <name>.debug_line</name>
         <load_address>0x2001</load_address>
         <run_address>0x2001</run_address>
         <size>0x62</size>
         <input_file_ref idref="fl-2f"/>
      </object_component>
      <object_component id="oc-12c">
         <name>.debug_line</name>
         <load_address>0x2063</load_address>
         <run_address>0x2063</run_address>
         <size>0x3e</size>
         <input_file_ref idref="fl-30"/>
      </object_component>
      <object_component id="oc-131">
         <name>.debug_line</name>
         <load_address>0x20a1</load_address>
         <run_address>0x20a1</run_address>
         <size>0x3a</size>
         <input_file_ref idref="fl-31"/>
      </object_component>
      <object_component id="oc-138">
         <name>.debug_line</name>
         <load_address>0x20db</load_address>
         <run_address>0x20db</run_address>
         <size>0x65</size>
         <input_file_ref idref="fl-32"/>
      </object_component>
      <object_component id="oc-13d">
         <name>.debug_line</name>
         <load_address>0x2140</load_address>
         <run_address>0x2140</run_address>
         <size>0x5e</size>
         <input_file_ref idref="fl-33"/>
      </object_component>
      <object_component id="oc-142">
         <name>.debug_line</name>
         <load_address>0x219e</load_address>
         <run_address>0x219e</run_address>
         <size>0x4f</size>
         <input_file_ref idref="fl-34"/>
      </object_component>
      <object_component id="oc-14c">
         <name>.debug_line</name>
         <load_address>0x21ed</load_address>
         <run_address>0x21ed</run_address>
         <size>0x12a</size>
         <input_file_ref idref="fl-36"/>
      </object_component>
      <object_component id="oc-5b">
         <name>.debug_abbrev</name>
         <load_address>0x0</load_address>
         <run_address>0x0</run_address>
         <size>0x18f</size>
         <input_file_ref idref="fl-2"/>
      </object_component>
      <object_component id="oc-63">
         <name>.debug_abbrev</name>
         <load_address>0x18f</load_address>
         <run_address>0x18f</run_address>
         <size>0x19c</size>
         <input_file_ref idref="fl-3"/>
      </object_component>
      <object_component id="oc-68">
         <name>.debug_abbrev</name>
         <load_address>0x32b</load_address>
         <run_address>0x32b</run_address>
         <size>0x105</size>
         <input_file_ref idref="fl-4"/>
      </object_component>
      <object_component id="oc-6d">
         <name>.debug_abbrev</name>
         <load_address>0x430</load_address>
         <run_address>0x430</run_address>
         <size>0x17a</size>
         <input_file_ref idref="fl-5"/>
      </object_component>
      <object_component id="oc-72">
         <name>.debug_abbrev</name>
         <load_address>0x5aa</load_address>
         <run_address>0x5aa</run_address>
         <size>0x114</size>
         <input_file_ref idref="fl-6"/>
      </object_component>
      <object_component id="oc-77">
         <name>.debug_abbrev</name>
         <load_address>0x6be</load_address>
         <run_address>0x6be</run_address>
         <size>0x146</size>
         <input_file_ref idref="fl-7"/>
      </object_component>
      <object_component id="oc-7c">
         <name>.debug_abbrev</name>
         <load_address>0x804</load_address>
         <run_address>0x804</run_address>
         <size>0x155</size>
         <input_file_ref idref="fl-8"/>
      </object_component>
      <object_component id="oc-82">
         <name>.debug_abbrev</name>
         <load_address>0x959</load_address>
         <run_address>0x959</run_address>
         <size>0x21</size>
         <input_file_ref idref="fl-9"/>
      </object_component>
      <object_component id="oc-88">
         <name>.debug_abbrev</name>
         <load_address>0x97a</load_address>
         <run_address>0x97a</run_address>
         <size>0xfd</size>
         <input_file_ref idref="fl-a"/>
      </object_component>
      <object_component id="oc-8e">
         <name>.debug_abbrev</name>
         <load_address>0xa77</load_address>
         <run_address>0xa77</run_address>
         <size>0xde</size>
         <input_file_ref idref="fl-b"/>
      </object_component>
      <object_component id="oc-93">
         <name>.debug_abbrev</name>
         <load_address>0xb55</load_address>
         <run_address>0xb55</run_address>
         <size>0x138</size>
         <input_file_ref idref="fl-c"/>
      </object_component>
      <object_component id="oc-cf">
         <name>.debug_abbrev</name>
         <load_address>0xc8d</load_address>
         <run_address>0xc8d</run_address>
         <size>0xc4</size>
         <input_file_ref idref="fl-d"/>
      </object_component>
      <object_component id="oc-d3">
         <name>.debug_abbrev</name>
         <load_address>0xd51</load_address>
         <run_address>0xd51</run_address>
         <size>0xdc</size>
         <input_file_ref idref="fl-e"/>
      </object_component>
      <object_component id="oc-d8">
         <name>.debug_abbrev</name>
         <load_address>0xe2d</load_address>
         <run_address>0xe2d</run_address>
         <size>0xdc</size>
         <input_file_ref idref="fl-f"/>
      </object_component>
      <object_component id="oc-dd">
         <name>.debug_abbrev</name>
         <load_address>0xf09</load_address>
         <run_address>0xf09</run_address>
         <size>0xc8</size>
         <input_file_ref idref="fl-10"/>
      </object_component>
      <object_component id="oc-e2">
         <name>.debug_abbrev</name>
         <load_address>0xfd1</load_address>
         <run_address>0xfd1</run_address>
         <size>0x116</size>
         <input_file_ref idref="fl-11"/>
      </object_component>
      <object_component id="oc-e7">
         <name>.debug_abbrev</name>
         <load_address>0x10e7</load_address>
         <run_address>0x10e7</run_address>
         <size>0xea</size>
         <input_file_ref idref="fl-12"/>
      </object_component>
      <object_component id="oc-ec">
         <name>.debug_abbrev</name>
         <load_address>0x11d1</load_address>
         <run_address>0x11d1</run_address>
         <size>0xea</size>
         <input_file_ref idref="fl-13"/>
      </object_component>
      <object_component id="oc-f1">
         <name>.debug_abbrev</name>
         <load_address>0x12bb</load_address>
         <run_address>0x12bb</run_address>
         <size>0x1a3</size>
         <input_file_ref idref="fl-14"/>
      </object_component>
      <object_component id="oc-f6">
         <name>.debug_abbrev</name>
         <load_address>0x145e</load_address>
         <run_address>0x145e</run_address>
         <size>0x2f</size>
         <input_file_ref idref="fl-15"/>
      </object_component>
      <object_component id="oc-ff">
         <name>.debug_abbrev</name>
         <load_address>0x148d</load_address>
         <run_address>0x148d</run_address>
         <size>0x23c</size>
         <input_file_ref idref="fl-16"/>
      </object_component>
      <object_component id="oc-104">
         <name>.debug_abbrev</name>
         <load_address>0x16c9</load_address>
         <run_address>0x16c9</run_address>
         <size>0xa4</size>
         <input_file_ref idref="fl-28"/>
      </object_component>
      <object_component id="oc-109">
         <name>.debug_abbrev</name>
         <load_address>0x176d</load_address>
         <run_address>0x176d</run_address>
         <size>0x84</size>
         <input_file_ref idref="fl-29"/>
      </object_component>
      <object_component id="oc-10e">
         <name>.debug_abbrev</name>
         <load_address>0x17f1</load_address>
         <run_address>0x17f1</run_address>
         <size>0x84</size>
         <input_file_ref idref="fl-2a"/>
      </object_component>
      <object_component id="oc-114">
         <name>.debug_abbrev</name>
         <load_address>0x1875</load_address>
         <run_address>0x1875</run_address>
         <size>0x46</size>
         <input_file_ref idref="fl-2b"/>
      </object_component>
      <object_component id="oc-119">
         <name>.debug_abbrev</name>
         <load_address>0x18bb</load_address>
         <run_address>0x18bb</run_address>
         <size>0x38</size>
         <input_file_ref idref="fl-2c"/>
      </object_component>
      <object_component id="oc-11e">
         <name>.debug_abbrev</name>
         <load_address>0x18f3</load_address>
         <run_address>0x18f3</run_address>
         <size>0x38</size>
         <input_file_ref idref="fl-2d"/>
      </object_component>
      <object_component id="oc-123">
         <name>.debug_abbrev</name>
         <load_address>0x192b</load_address>
         <run_address>0x192b</run_address>
         <size>0xe3</size>
         <input_file_ref idref="fl-2e"/>
      </object_component>
      <object_component id="oc-128">
         <name>.debug_abbrev</name>
         <load_address>0x1a0e</load_address>
         <run_address>0x1a0e</run_address>
         <size>0xa8</size>
         <input_file_ref idref="fl-2f"/>
      </object_component>
      <object_component id="oc-12d">
         <name>.debug_abbrev</name>
         <load_address>0x1ab6</load_address>
         <run_address>0x1ab6</run_address>
         <size>0x68</size>
         <input_file_ref idref="fl-30"/>
      </object_component>
      <object_component id="oc-132">
         <name>.debug_abbrev</name>
         <load_address>0x1b1e</load_address>
         <run_address>0x1b1e</run_address>
         <size>0x66</size>
         <input_file_ref idref="fl-31"/>
      </object_component>
      <object_component id="oc-139">
         <name>.debug_abbrev</name>
         <load_address>0x1b84</load_address>
         <run_address>0x1b84</run_address>
         <size>0x130</size>
         <input_file_ref idref="fl-32"/>
      </object_component>
      <object_component id="oc-13e">
         <name>.debug_abbrev</name>
         <load_address>0x1cb4</load_address>
         <run_address>0x1cb4</run_address>
         <size>0xb2</size>
         <input_file_ref idref="fl-33"/>
      </object_component>
      <object_component id="oc-143">
         <name>.debug_abbrev</name>
         <load_address>0x1d66</load_address>
         <run_address>0x1d66</run_address>
         <size>0xee</size>
         <input_file_ref idref="fl-34"/>
      </object_component>
      <object_component id="oc-148">
         <name>.debug_abbrev</name>
         <load_address>0x1e54</load_address>
         <run_address>0x1e54</run_address>
         <size>0x31</size>
         <input_file_ref idref="fl-35"/>
      </object_component>
      <object_component id="oc-14d">
         <name>.debug_abbrev</name>
         <load_address>0x1e85</load_address>
         <run_address>0x1e85</run_address>
         <size>0xe8</size>
         <input_file_ref idref="fl-36"/>
      </object_component>
      <object_component id="oc-1d5">
         <name>.debug_abbrev</name>
         <load_address>0x1f6d</load_address>
         <run_address>0x1f6d</run_address>
         <size>0xf</size>
      </object_component>
      <object_component id="oc-5c">
         <name>.debug_aranges</name>
         <load_address>0x0</load_address>
         <run_address>0x0</run_address>
         <size>0x38</size>
         <input_file_ref idref="fl-2"/>
      </object_component>
      <object_component id="oc-64">
         <name>.debug_aranges</name>
         <load_address>0x38</load_address>
         <run_address>0x38</run_address>
         <size>0x60</size>
         <input_file_ref idref="fl-3"/>
      </object_component>
      <object_component id="oc-69">
         <name>.debug_aranges</name>
         <load_address>0x98</load_address>
         <run_address>0x98</run_address>
         <size>0x28</size>
         <input_file_ref idref="fl-4"/>
      </object_component>
      <object_component id="oc-6e">
         <name>.debug_aranges</name>
         <load_address>0xc0</load_address>
         <run_address>0xc0</run_address>
         <size>0x78</size>
         <input_file_ref idref="fl-5"/>
      </object_component>
      <object_component id="oc-73">
         <name>.debug_aranges</name>
         <load_address>0x138</load_address>
         <run_address>0x138</run_address>
         <size>0x30</size>
         <input_file_ref idref="fl-6"/>
      </object_component>
      <object_component id="oc-78">
         <name>.debug_aranges</name>
         <load_address>0x168</load_address>
         <run_address>0x168</run_address>
         <size>0x20</size>
         <input_file_ref idref="fl-7"/>
      </object_component>
      <object_component id="oc-7d">
         <name>.debug_aranges</name>
         <load_address>0x188</load_address>
         <run_address>0x188</run_address>
         <size>0x40</size>
         <input_file_ref idref="fl-8"/>
      </object_component>
      <object_component id="oc-83">
         <name>.debug_aranges</name>
         <load_address>0x1c8</load_address>
         <run_address>0x1c8</run_address>
         <size>0x28</size>
         <input_file_ref idref="fl-9"/>
      </object_component>
      <object_component id="oc-89">
         <name>.debug_aranges</name>
         <load_address>0x1f0</load_address>
         <run_address>0x1f0</run_address>
         <size>0x28</size>
         <input_file_ref idref="fl-a"/>
      </object_component>
      <object_component id="oc-8f">
         <name>.debug_aranges</name>
         <load_address>0x218</load_address>
         <run_address>0x218</run_address>
         <size>0x2f8</size>
         <input_file_ref idref="fl-b"/>
      </object_component>
      <object_component id="oc-94">
         <name>.debug_aranges</name>
         <load_address>0x510</load_address>
         <run_address>0x510</run_address>
         <size>0x78</size>
         <input_file_ref idref="fl-c"/>
      </object_component>
      <object_component id="oc-d4">
         <name>.debug_aranges</name>
         <load_address>0x588</load_address>
         <run_address>0x588</run_address>
         <size>0x18</size>
         <input_file_ref idref="fl-e"/>
      </object_component>
      <object_component id="oc-d9">
         <name>.debug_aranges</name>
         <load_address>0x5a0</load_address>
         <run_address>0x5a0</run_address>
         <size>0x18</size>
         <input_file_ref idref="fl-f"/>
      </object_component>
      <object_component id="oc-de">
         <name>.debug_aranges</name>
         <load_address>0x5b8</load_address>
         <run_address>0x5b8</run_address>
         <size>0x28</size>
         <input_file_ref idref="fl-10"/>
      </object_component>
      <object_component id="oc-e3">
         <name>.debug_aranges</name>
         <load_address>0x5e0</load_address>
         <run_address>0x5e0</run_address>
         <size>0x20</size>
         <input_file_ref idref="fl-11"/>
      </object_component>
      <object_component id="oc-e8">
         <name>.debug_aranges</name>
         <load_address>0x600</load_address>
         <run_address>0x600</run_address>
         <size>0x18</size>
         <input_file_ref idref="fl-12"/>
      </object_component>
      <object_component id="oc-ed">
         <name>.debug_aranges</name>
         <load_address>0x618</load_address>
         <run_address>0x618</run_address>
         <size>0x38</size>
         <input_file_ref idref="fl-13"/>
      </object_component>
      <object_component id="oc-f2">
         <name>.debug_aranges</name>
         <load_address>0x650</load_address>
         <run_address>0x650</run_address>
         <size>0x78</size>
         <input_file_ref idref="fl-14"/>
      </object_component>
      <object_component id="oc-f7">
         <name>.debug_aranges</name>
         <load_address>0x6c8</load_address>
         <run_address>0x6c8</run_address>
         <size>0x20</size>
         <input_file_ref idref="fl-15"/>
      </object_component>
      <object_component id="oc-100">
         <name>.debug_aranges</name>
         <load_address>0x6e8</load_address>
         <run_address>0x6e8</run_address>
         <size>0x60</size>
         <input_file_ref idref="fl-16"/>
      </object_component>
      <object_component id="oc-105">
         <name>.debug_aranges</name>
         <load_address>0x748</load_address>
         <run_address>0x748</run_address>
         <size>0x20</size>
         <input_file_ref idref="fl-28"/>
      </object_component>
[...]
      </symbol>
      <symbol id="sm-3c1">
         <name>_EQep2Regs</name>
         <value>0x6b40</value>
         <object_component_ref idref="oc-b8"/>
      </symbol>
      <symbol id="sm-3c2">
         <name>_PartIdRegs</name>
         <value>0x3d7e80</value>
         <object_component_ref idref="oc-96"/>
      </symbol>
      <symbol id="sm-3c3">
         <name>_HRCap3Regs</name>
         <value>0x6c80</value>
         <object_component_ref idref="oc-b5"/>
      </symbol>
      <symbol id="sm-3c4">
         <name>_EPwm8Regs</name>
         <value>0x69c0</value>
         <object_component_ref idref="oc-c8"/>
      </symbol>
      <symbol id="sm-3c5">
         <name>_Flash_CPUScaleFactor</name>
         <value>0xd04</value>
         <object_component_ref idref="oc-99"/>
      </symbol>
      <symbol id="sm-3c6">
         <name>_EPwm2Regs</name>
         <value>0x6840</value>
         <object_component_ref idref="oc-c2"/>
      </symbol>
      <symbol id="sm-3c7">
         <name>_ECanaMboxes</name>
         <value>0x6100</value>
         <object_component_ref idref="oc-cc"/>
      </symbol>
      <symbol id="sm-3c8">
         <name>_ECap3Regs</name>
         <value>0x6a40</value>
         <object_component_ref idref="oc-b0"/>
      </symbol>
      <symbol id="sm-3c9">
         <name>_HRCap2Regs</name>
         <value>0x6ae0</value>
         <object_component_ref idref="oc-b4"/>
      </symbol>
      <symbol id="sm-3ca">
         <name>_NmiIntruptRegs</name>
         <value>0x7060</value>
         <object_component_ref idref="oc-a4"/>
      </symbol>
      <symbol id="sm-3cb">
         <name>_ECanaMOTORegs</name>
         <value>0x60c0</value>
         <object_component_ref idref="oc-c0"/>
      </symbol>
      <symbol id="sm-3cc">
         <name>_Flash_CallbackPtr</name>
         <value>0xd02</value>
         <object_component_ref idref="oc-9a"/>
      </symbol>
      <symbol id="sm-3cd">
         <name>_EPwm3Regs</name>
         <value>0x6880</value>
         <object_component_ref idref="oc-c3"/>
      </symbol>
      <symbol id="sm-3ce">
         <name>_I2caRegs</name>
         <value>0x7900</value>
         <object_component_ref idref="oc-b9"/>
      </symbol>
      <symbol id="sm-3ec">
         <name>_InitPieCtrl</name>
         <value>0x3f5819</value>
         <object_component_ref idref="oc-166"/>
      </symbol>
      <symbol id="sm-3ee">
         <name>_EnableInterrupts</name>
         <value>0x3f5838</value>
         <object_component_ref idref="oc-166"/>
      </symbol>
      <symbol id="sm-3ff">
         <name>_PieVectTableInit</name>
         <value>0x3f6144</value>
         <object_component_ref idref="oc-171"/>
      </symbol>
      <symbol id="sm-400">
         <name>_InitPieVectTable</name>
         <value>0x3f5869</value>
         <object_component_ref idref="oc-167"/>
      </symbol>
      <symbol id="sm-416">
         <name>_InitSpibGpio</name>
         <value>0x3f5774</value>
         <object_component_ref idref="oc-173"/>
      </symbol>
      <symbol id="sm-418">
         <name>_InitSpiaGpio</name>
         <value>0x3f574e</value>
         <object_component_ref idref="oc-173"/>
      </symbol>
      <symbol id="sm-41a">
         <name>_InitSpiGpio</name>
         <value>0x3f5749</value>
         <object_component_ref idref="oc-173"/>
      </symbol>
      <symbol id="sm-41c">
         <name>_InitSpi</name>
         <value>0x3f5748</value>
         <object_component_ref idref="oc-173"/>
      </symbol>
      <symbol id="sm-436">
         <name>_InitPll</name>
         <value>0x3f4f26</value>
         <object_component_ref idref="oc-165"/>
      </symbol>
      <symbol id="sm-438">
         <name>_IntOsc1Sel</name>
         <value>0x3f502f</value>
         <object_component_ref idref="oc-165"/>
      </symbol>
      <symbol id="sm-43a">
         <name>_ExtOscSel</name>
         <value>0x3f5074</value>
         <object_component_ref idref="oc-165"/>
      </symbol>
      <symbol id="sm-43c">
         <name>_DisableDog</name>
         <value>0x3f4f1e</value>
         <object_component_ref idref="oc-165"/>
      </symbol>
      <symbol id="sm-43e">
         <name>_InitPeripheralClocks</name>
         <value>0x3f4fa8</value>
         <object_component_ref idref="oc-165"/>
      </symbol>
      <symbol id="sm-440">
         <name>_IntOsc2Sel</name>
         <value>0x3f503f</value>
         <object_component_ref idref="oc-165"/>
      </symbol>
      <symbol id="sm-442">
         <name>_InitFlash</name>
         <value>0x8399</value>
         <object_component_ref idref="oc-164"/>
      </symbol>
      <symbol id="sm-444">
         <name>_CsmUnlock</name>
         <value>0x3f4ffe</value>
         <object_component_ref idref="oc-165"/>
      </symbol>
      <symbol id="sm-446">
         <name>_InitPll2</name>
         <value>0x3f4f7a</value>
         <object_component_ref idref="oc-165"/>
      </symbol>
      <symbol id="sm-448">
         <name>_ServiceDog</name>
         <value>0x3f4f14</value>
         <object_component_ref idref="oc-165"/>
      </symbol>
      <symbol id="sm-44a">
         <name>_XtalOscSel</name>
         <value>0x3f5059</value>
         <object_component_ref idref="oc-165"/>
      </symbol>
      <symbol id="sm-44c">
         <name>_InitSysCtrl</name>
         <value>0x3f4efa</value>
         <object_component_ref idref="oc-165"/>
      </symbol>
      <symbol id="sm-459">
         <name>_DSP28x_usDelay</name>
         <value>0x83b4</value>
         <object_component_ref idref="oc-f3"/>
      </symbol>
      <symbol id="sm-4ad">
         <name>_main</name>
         <value>0x3f405a</value>
         <object_component_ref idref="oc-160"/>
      </symbol>
      <symbol id="sm-4af">
         <name>_grid_voltage</name>
         <value>0xa440</value>
         <object_component_ref idref="oc-fa"/>
      </symbol>
      <symbol id="sm-4b0">
         <name>_V_in_feedback</name>
         <value>0xa416</value>
         <object_component_ref idref="oc-fa"/>
      </symbol>
      <symbol id="sm-4b1">
         <name>_dutyCycle</name>
         <value>0xa446</value>
         <object_component_ref idref="oc-fa"/>
      </symbol>
      <symbol id="sm-4b2">
         <name>_V_dc_feedback</name>
         <value>0xa414</value>
         <object_component_ref idref="oc-fa"/>
      </symbol>
      <symbol id="sm-4b3">
         <name>_K_RLC</name>
         <value>0xa405</value>
         <object_component_ref idref="oc-fa"/>
      </symbol>
      <symbol id="sm-4b4">
         <name>_sineValue</name>
         <value>0xa420</value>
         <object_component_ref idref="oc-fa"/>
      </symbol>
      <symbol id="sm-4b5">
         <name>_filtered_output3</name>
         <value>0xa40c</value>
         <object_component_ref idref="oc-fa"/>
      </symbol>
      <symbol id="sm-4b6">
         <name>_flag_inverter</name>
         <value>0xa404</value>
         <object_component_ref idref="oc-fa"/>
      </symbol>
      <symbol id="sm-4b7">
         <name>_GRID_FREQ</name>
         <value>0xa43c</value>
         <object_component_ref idref="oc-fa"/>
      </symbol>
      <symbol id="sm-4b8">
         <name>_Ii_circle_p2</name>
         <value>0xa42c</value>
         <object_component_ref idref="oc-fa"/>
      </symbol>
      <symbol id="sm-4b9">
         <name>_dutySin</name>
         <value>0xa40b</value>
         <object_component_ref idref="oc-fa"/>
      </symbol>
      <symbol id="sm-4ba">
         <name>_spll1</name>
         <value>0xa4c0</value>
         <object_component_ref idref="oc-fa"/>
      </symbol>
      <symbol id="sm-4bb">
         <name>_spll2</name>
         <value>0xa540</value>
         <object_component_ref idref="oc-fa"/>
      </symbol>
      <symbol id="sm-4bc">
         <name>_output_index</name>
         <value>0xa408</value>
         <object_component_ref idref="oc-fa"/>
      </symbol>
      <symbol id="sm-4bd">
         <name>_normalized_voltage</name>
         <value>0xa43e</value>
         <object_component_ref idref="oc-fa"/>
      </symbol>
      <symbol id="sm-4be">
         <name>_Kp_set</name>
         <value>0xa412</value>
         <object_component_ref idref="oc-fa"/>
      </symbol>
      <symbol id="sm-4bf">
         <name>_grid_current</name>
         <value>0xa442</value>
         <object_component_ref idref="oc-fa"/>
      </symbol>
      <symbol id="sm-4c0">
         <name>_Inverter_voltage_loop</name>
         <value>0xa44e</value>
         <object_component_ref idref="oc-fa"/>
      </symbol>
      <symbol id="sm-4c1">
         <name>_power_factor</name>
         <value>0xa418</value>
         <object_component_ref idref="oc-fa"/>
      </symbol>
      <symbol id="sm-4c2">
         <name>_TIM0_IRQn</name>
         <value>0x8000</value>
         <object_component_ref idref="oc-fb"/>
      </symbol>
      <symbol id="sm-4c4">
         <name>_flag_rectifier</name>
         <value>0xa403</value>
         <object_component_ref idref="oc-fa"/>
      </symbol>
      <symbol id="sm-4c5">
         <name>_ref_current</name>
         <value>0xa41c</value>
         <object_component_ref idref="oc-fa"/>
      </symbol>
      <symbol id="sm-4c6">
         <name>_LED_Init</name>
         <value>0x3f404a</value>
         <object_component_ref idref="oc-160"/>
      </symbol>
      <symbol id="sm-4c8">
         <name>_Inverter_grid_current_loop</name>
         <value>0xa480</value>
         <object_component_ref idref="oc-fa"/>
      </symbol>
      <symbol id="sm-4c9">
         <name>_dutyCycle2</name>
         <value>0xa448</value>
         <object_component_ref idref="oc-fa"/>
      </symbol>
      <symbol id="sm-4ca">
         <name>_Inverter_current_loop</name>
         <value>0xa462</value>
         <object_component_ref idref="oc-fa"/>
      </symbol>
      <symbol id="sm-4cb">
         <name>_error</name>
         <value>0xa422</value>
         <object_component_ref idref="oc-fa"/>
      </symbol>
      <symbol id="sm-4cc">
         <name>_current_soft_start</name>
         <value>0xa41e</value>
         <object_component_ref idref="oc-fa"/>
      </symbol>
      <symbol id="sm-4cd">
         <name>_error_before2</name>
         <value>0xa428</value>
         <object_component_ref idref="oc-fa"/>
      </symbol>
      <symbol id="sm-4ce">
         <name>_Ii_circle_p</name>
         <value>0xa42a</value>
         <object_component_ref idref="oc-fa"/>
      </symbol>
      <symbol id="sm-4cf">
         <name>_scope_mode</name>
         <value>0xa402</value>
         <object_component_ref idref="oc-fa"/>
      </symbol>
      <symbol id="sm-4d0">
         <name>_output1</name>
         <value>0xa430</value>
         <object_component_ref idref="oc-fa"/>
      </symbol>
      <symbol id="sm-4d1">
         <name>_output2</name>
         <value>0xa432</value>
         <object_component_ref idref="oc-fa"/>
      </symbol>
      <symbol id="sm-4d2">
         <name>_output3</name>
         <value>0xa434</value>
         <object_component_ref idref="oc-fa"/>
      </symbol>
      <symbol id="sm-4d3">
         <name>_ratio</name>
         <value>0xa410</value>
         <object_component_ref idref="oc-fa"/>
      </symbol>
      <symbol id="sm-4d4">
         <name>_CURRENT_PEAK</name>
         <value>0xa40e</value>
         <object_component_ref idref="oc-fa"/>
      </symbol>
      <symbol id="sm-4d5">
         <name>_deadband_78</name>
         <value>0xa44c</value>
         <object_component_ref idref="oc-fa"/>
      </symbol>
      <symbol id="sm-4d6">
         <name>_ref_sinwave</name>
         <value>0xa444</value>
         <object_component_ref idref="oc-fa"/>
      </symbol>
      <symbol id="sm-4d7">
         <name>_OLED_Update</name>
         <value>0x3f42eb</value>
         <object_component_ref idref="oc-160"/>
      </symbol>
      <symbol id="sm-4d9">
         <name>_general_index</name>
         <value>0xa406</value>
         <object_component_ref idref="oc-fa"/>
      </symbol>
      <symbol id="sm-4da">
         <name>_output</name>
         <value>0xa42e</value>
         <object_component_ref idref="oc-fa"/>
      </symbol>
      <symbol id="sm-4db">
         <name>_V_mod_inverter</name>
         <value>0xa43a</value>
         <object_component_ref idref="oc-fa"/>
      </symbol>
      <symbol id="sm-4dc">
         <name>_deadband_56</name>
         <value>0xa44a</value>
         <object_component_ref idref="oc-fa"/>
      </symbol>
      <symbol id="sm-4dd">
         <name>_PID_Calc</name>
         <value>0x82e0</value>
         <object_component_ref idref="oc-15e"/>
      </symbol>
      <symbol id="sm-4df">
         <name>_buffer</name>
         <value>0xa6f6</value>
         <object_component_ref idref="oc-163"/>
      </symbol>
      <symbol id="sm-4e0">
         <name>_error2</name>
         <value>0xa424</value>
         <object_component_ref idref="oc-fa"/>
      </symbol>
      <symbol id="sm-4e1">
         <name>_index_buffer</name>
         <value>0xa400</value>
         <object_component_ref idref="oc-fa"/>
      </symbol>
      <symbol id="sm-4e2">
         <name>_output3_2</name>
         <value>0xa436</value>
         <object_component_ref idref="oc-fa"/>
      </symbol>
      <symbol id="sm-4e3">
         <name>_str</name>
         <value>0xa7c8</value>
         <object_component_ref idref="oc-16e"/>
      </symbol>
      <symbol id="sm-4e4">
         <name>_last_output3</name>
         <value>0xa438</value>
         <object_component_ref idref="oc-fa"/>
      </symbol>
      <symbol id="sm-4e5">
         <name>_error_before</name>
         <value>0xa426</value>
         <object_component_ref idref="oc-fa"/>
      </symbol>
      <symbol id="sm-4e6">
         <name>_init_buffer</name>
         <value>0x3f4000</value>
         <object_component_ref idref="oc-160"/>
      </symbol>
      <symbol id="sm-4e8">
         <name>_counter</name>
         <value>0xa401</value>
         <object_component_ref idref="oc-fa"/>
      </symbol>
      <symbol id="sm-4e9">
         <name>_theta_index</name>
         <value>0xa407</value>
         <object_component_ref idref="oc-fa"/>
      </symbol>
      <symbol id="sm-4ea">
         <name>_ftoa</name>
         <value>0x3f435e</value>
         <object_component_ref idref="oc-160"/>
      </symbol>
      <symbol id="sm-4ec">
         <name>_compare1</name>
         <value>0xa409</value>
         <object_component_ref idref="oc-fa"/>
      </symbol>
      <symbol id="sm-4ed">
         <name>_compare2</name>
         <value>0xa40a</value>
         <object_component_ref idref="oc-fa"/>
      </symbol>
      <symbol id="sm-4ee">
         <name>_moving_average</name>
         <value>0x3f4016</value>
         <object_component_ref idref="oc-160"/>
      </symbol>
      <symbol id="sm-4f0">
         <name>_rectifier_theta</name>
         <value>0xa41a</value>
         <object_component_ref idref="oc-fa"/>
      </symbol>
      <symbol id="sm-4f1">
         <name>_PID_Init</name>
         <value>0x3f42ba</value>
         <object_component_ref idref="oc-160"/>
      </symbol>
      <symbol id="sm-502">
         <name>_sqrtf</name>
         <value>0x3f5842</value>
         <object_component_ref idref="oc-15b"/>
      </symbol>
      <symbol id="sm-504">
         <name>_sqrt</name>
         <value>0x3f5842</value>
         <object_component_ref idref="oc-15b"/>
      </symbol>
      <symbol id="sm-512">
         <name>_cos</name>
         <value>0x3f563f</value>
         <object_component_ref idref="oc-15c"/>
      </symbol>
      <symbol id="sm-513">
         <name>_cosf</name>
         <value>0x3f563f</value>
         <object_component_ref idref="oc-15c"/>
      </symbol>
      <symbol id="sm-521">
         <name>_sin</name>
         <value>0x3f55d9</value>
         <object_component_ref idref="oc-15d"/>
      </symbol>
      <symbol id="sm-522">
         <name>_sinf</name>
         <value>0x3f55d9</value>
         <object_component_ref idref="oc-15d"/>
      </symbol>
      <symbol id="sm-53e">
         <name>_c_int00</name>
         <value>0x3f56a2</value>
         <object_component_ref idref="oc-54"/>
      </symbol>
      <symbol id="sm-53f">
         <name>__stack</name>
         <value>0x50</value>
         <object_component_ref idref="oc-110"/>
      </symbol>
      <symbol id="sm-550">
         <name>FS$$DIV</name>
         <value>0x3f54db</value>
         <object_component_ref idref="oc-116"/>
      </symbol>
      <symbol id="sm-55e">
         <name>I$$MOD</name>
         <value>0x3f58c4</value>
         <object_component_ref idref="oc-11b"/>
      </symbol>
      <symbol id="sm-55f">
         <name>I$$DIV</name>
         <value>0x3f58b3</value>
         <object_component_ref idref="oc-11b"/>
      </symbol>
      <symbol id="sm-56e">
         <name>_copy_in</name>
         <value>0x3f588f</value>
         <object_component_ref idref="oc-14f"/>
      </symbol>
      <symbol id="sm-580">
         <name>_memcpy</name>
         <value>0x3f58d5</value>
         <object_component_ref idref="oc-15f"/>
      </symbol>
      <symbol id="sm-58d">
         <name>__system_pre_init</name>
         <value>0x3f592a</value>
         <object_component_ref idref="oc-14e"/>
      </symbol>
      <symbol id="sm-59b">
         <name>__system_post_cinit</name>
         <value>0x3f5841</value>
         <object_component_ref idref="oc-150"/>
      </symbol>
      <symbol id="sm-5b0">
         <name>C$$EXIT</name>
         <value>0x3f57f0</value>
         <object_component_ref idref="oc-152"/>
      </symbol>
      <symbol id="sm-5b1">
         <name>_exit</name>
         <value>0x3f57f2</value>
         <object_component_ref idref="oc-152"/>
      </symbol>
      <symbol id="sm-5b3">
         <name>___TI_cleanup_ptr</name>
         <value>0xa7da</value>
         <object_component_ref idref="oc-136"/>
      </symbol>
      <symbol id="sm-5b4">
         <name>___TI_enable_exit_profile_output</name>
         <value>0xa7d8</value>
         <object_component_ref idref="oc-136"/>
      </symbol>
      <symbol id="sm-5b5">
         <name>_abort</name>
         <value>0x3f57f0</value>
         <object_component_ref idref="oc-152"/>
      </symbol>
      <symbol id="sm-5b7">
         <name>___TI_dtors_ptr</name>
         <value>0xa7dc</value>
         <object_component_ref idref="oc-136"/>
      </symbol>
      <symbol id="sm-5cb">
         <name>__unlock</name>
         <value>0xa7e0</value>
         <object_component_ref idref="oc-177"/>
      </symbol>
      <symbol id="sm-5cc">
         <name>__lock</name>
         <value>0xa7de</value>
         <object_component_ref idref="oc-161"/>
      </symbol>
      <symbol id="sm-5cd">
         <name>__register_lock</name>
         <value>0x3f591d</value>
         <object_component_ref idref="oc-16f"/>
      </symbol>
      <symbol id="sm-5cf">
         <name>__nop</name>
         <value>0x3f5921</value>
         <object_component_ref idref="oc-16f"/>
      </symbol>
      <symbol id="sm-5d1">
         <name>__register_unlock</name>
         <value>0x3f5919</value>
         <object_component_ref idref="oc-16f"/>
      </symbol>
      <symbol id="sm-5e1">
         <name>__args_main</name>
         <value>0x3f5907</value>
         <object_component_ref idref="oc-151"/>
      </symbol>
      <symbol id="sm-5ec">
         <name>_errno</name>
         <value>0xa7e2</value>
         <object_component_ref idref="oc-147"/>
      </symbol>
      <symbol id="sm-5f8">
         <name>_SPLL_1ph_SOGI_F_FUNC</name>
         <value>0x3f513b</value>
         <object_component_ref idref="oc-149"/>
      </symbol>
      <symbol id="sm-5f9">
         <name>_SPLL_1ph_SOGI_F_init</name>
         <value>0x3f508a</value>
         <object_component_ref idref="oc-149"/>
      </symbol>
      <symbol id="sm-5fa">
         <name>_SPLL_1ph_SOGI_F_coeff_update</name>
         <value>0x3f50e5</value>
         <object_component_ref idref="oc-149"/>
      </symbol>
   </symbol_table>
   <title>Link successful</title>
</link_info>
